[10:01:57] Live profile store matches the rung B snapshot (110AA774D5FC4123).
[10:01:57] Applying Profile 1 (rung B).
[10:02:31] Memory under load 16301 MHz (rung B expects ~16301); power limit 200.00 W.
[10:02:31] Rung B verified live.
[10:02:31] Waiting 90 s for the desktop to settle before the first preflight.
[10:04:01] [1/12] copy

================ PLAN ================
  label        : 5060ti-rungB-suite-copy
  workload     : copy
  band         : 1237-3090 MHz, 13 points
  iterations   : 2660
  output dir   : C:\headroom-bench\results\20260923-100401_5060ti-rungB-suite-copy
  hwinfo log   : C:\headroom-bench\results\20260923-100401_5060ti-rungB-suite-copy\5060ti-rungB-suite-copy-hwinfo.csv
  expected     : ~10 min
  applied      : AFTERBURNER PROFILE 1 = RUNG B (worklist 4e, REGISTERED-PREDICTIONS section 1): P5 with points at or below 840 mV raised ~+170 MHz, 720 mV at 1702 MHz; PL 111 (200 W), memory +2500. Applied by MSIAfterburner.exe -profile1 -q and VERIFIED LIVE by memory under load (16301 MHz) and power limit 200.00 W. Profile store SHA-256 110AA774D5FC4123, byte-identical to data/afterburner-profiles/5060ti-profiles-20260922-rungB. NVML offset 0. HWiNFO SensorInterval 500, driver 616.92, operator absent, driving agent silent. Iterations 2660 as 5060ti-stock-repro-20260922. Same session as the activity A/B test.

---- preflight ----
  power limit : 200.00 W, 180.00 W
  pmon sm     : mean 1.8%, peak 3% across 4 sample(s)
  pmon        : idle enough to proceed

---- HWiNFO log start ----

Pressing 'Log Start' (async - it opens a modal dialog)...
Setting the filename, with the change notification the dialog needs...

  button now : 'Log Stop'
  file       : C:\headroom-bench\results\20260923-100401_5060ti-rungB-suite-copy\5060ti-rungB-suite-copy-hwinfo.csv
  size       : 24290 then 39919 bytes

Logging is running and the file is growing.

---- sweep ----
  workload cmd: C:\Users\Raymond\AppData\Local\Programs\Python\Python312\python.exe C:\Users\Raymond\Documents\headroom\tools\frequency-sweep\gpu_workload.py --workload copy --json --iterations 2660

[SWEEP] GPU:        NVIDIA GeForce RTX 5060 Ti (driver 616.92)
[SWEEP] Max clock:  3090 MHz | power limit 200.00 W enforced (180.00 W default, 200.00 W max)
[SWEEP] Supported:  389 discrete graphics clocks, 180-3090 MHz
[SWEEP] Sweep band:  1237-3090 MHz (explicit) - FINE sweep, ~154 MHz apart. Not a full-range curve.
[SWEEP] Testing:    13 frequencies -> 1237, 1395, 1545, 1702, 1852, 2010, 2167, 2317, 2475, 2625, 2782, 2932, 3090 MHz
[SWEEP] Workload:   C:\Users\Raymond\AppData\Local\Programs\Python\Python312\python.exe C:\Users\Raymond\Documents\headroom\tools\frequency-sweep\gpu_workload.py --workload copy --json --iterations 2660   (timed; duration is the performance metric)
[SWEEP] Estimated:  ~6.1 min of measurement (plus workload time if any)

[SWEEP] Configuration: AFTERBURNER PROFILE 1 = RUNG B (worklist 4e, REGISTERED-PREDICTIONS section 1): P5 with points at or below 840 mV raised ~+170 MHz, 720 mV at 1702 MHz; PL 111 (200 W), memory +2500. Applied by MSIAfterburner.exe -profile1 -q and VERIFIED LIVE by memory under load (16301 MHz) and power limit 200.00 W. Profile store SHA-256 110AA774D5FC4123, byte-identical to data/afterburner-profiles/5060ti-profiles-20260922-rungB. NVML offset 0. HWiNFO SensorInterval 500, driver 616.92, operator absent, driving agent silent. Iterations 2660 as 5060ti-stock-repro-20260922. Same session as the activity A/B test.

[SWEEP] Checking the GPU is quiet before starting...
[SWEEP] Video engines idle (encoder 0%, decoder 0%).
[SWEEP] Free VRAM 15471 MB - clear to start.
[SWEEP] Baseline utilisation 3.2% - clear to start.
[SWEEP] No interactive console - Ctrl+C interception unavailable. The finally block still resets clocks.
[SWEEP] NOTE: QuickEdit could not be disabled (likely no interactive console). If this window is interactive, DO NOT CLICK IN IT - a click freezes the run.
[SWEEP] --> locking 1237 MHz
[SWEEP]      1237 MHz -> achieved   1236 MHz (held),  50.62 W [20 in-window of 24], 38.2 C, util 97.6%
[SWEEP] --> locking 1395 MHz
[SWEEP]      1395 MHz -> achieved 1393.4 MHz (held),  51.05 W [20 in-window of 23], 38.6 C, util 97.7%
[SWEEP] --> locking 1545 MHz
[SWEEP]      1545 MHz -> achieved 1542.9 MHz (held),   52.3 W [19 in-window of 22], 39.2 C, util 96.6%
[SWEEP] --> locking 1702 MHz
[SWEEP]      1702 MHz -> achieved   1695 MHz (held),  54.65 W [17 in-window of 21], 40.7 C, util 95.3%
[SWEEP] --> locking 1852 MHz
[SWEEP]      1852 MHz -> achieved   1845 MHz (held),  57.54 W [16 in-window of 19],  42 C, util 93.4%
[SWEEP] --> locking 2010 MHz
[SWEEP]      2010 MHz -> achieved   2002 MHz (held),  63.36 W [15 in-window of 19], 43.8 C, util 96.3%
[SWEEP] --> locking 2167 MHz
[SWEEP]      2167 MHz -> achieved   2160 MHz (held),  66.67 W [14 in-window of 18], 45.4 C, util 92.5%
[SWEEP] --> locking 2317 MHz
[SWEEP]      2317 MHz -> achieved 2295.5 MHz (held),  68.31 W [14 in-window of 18], 46.4 C, util 95.9%
[SWEEP] --> locking 2475 MHz
[SWEEP]      2475 MHz -> achieved 2451.6 MHz (held),  68.53 W [14 in-window of 18], 47.4 C, util 92.5%
[SWEEP] --> locking 2625 MHz
[SWEEP]      2625 MHz -> achieved 2580.4 MHz (UNDERSHOT -44.6),  69.06 W [14 in-window of 18], 48.4 C, util 92.8%
[SWEEP] --> locking 2782 MHz
[SWEEP]      2782 MHz -> achieved   2775 MHz (held),  70.08 W [14 in-window of 18], 49.4 C, util 92.5%
[SWEEP] --> locking 2932 MHz
[SWEEP]      2932 MHz -> achieved   2925 MHz (held),     78 W [14 in-window of 18], 50.9 C, util  95%
[SWEEP] --> locking 3090 MHz
[SWEEP]      3090 MHz -> achieved   3015 MHz (UNDERSHOT -75),  79.48 W [14 in-window of 18], 52.1 C, util 92.4%

[SWEEP] Resetting GPU clocks...
[SWEEP] Clocks reset. Card is now reporting 3015 MHz at idle/load.

[SWEEP] ===================== RESULT =====================
[SWEEP] Measured 13 of 13 planned frequencies.
[SWEEP] Configuration: AFTERBURNER PROFILE 1 = RUNG B (worklist 4e, REGISTERED-PREDICTIONS section 1): P5 with points at or below 840 mV raised ~+170 MHz, 720 mV at 1702 MHz; PL 111 (200 W), memory +2500. Applied by MSIAfterburner.exe -profile1 -q and VERIFIED LIVE by memory under load (16301 MHz) and power limit 200.00 W. Profile store SHA-256 110AA774D5FC4123, byte-identical to data/afterburner-profiles/5060ti-profiles-20260922-rungB. NVML offset 0. HWiNFO SensorInterval 500, driver 616.92, operator absent, driving agent silent. Iterations 2660 as 5060ti-stock-repro-20260922. Same session as the activity A/B test.
[SWEEP] NOTE: 2 point(s) ran BELOW their target by more than 30 MHz.
[SWEEP] The card could not sustain the requested clock - power or thermal limits. Expected
[SWEEP] at the top of the range, where max boost is a bin the card never actually holds.
[SWEEP] CSV:  C:\headroom-bench\results\20260923-100401_5060ti-rungB-suite-copy\20260923-100418_5060ti-rungB-suite-copy_sweep.csv
[SWEEP] JSON: C:\headroom-bench\results\20260923-100401_5060ti-rungB-suite-copy\20260923-100418_5060ti-rungB-suite-copy_sweep.json
[SWEEP] ==================================================

[SWEEP] Clock locks do NOT survive a reboot. If anything looks wrong with the card's
[SWEEP] clocks after this, reboot and it returns to stock.

---- HWiNFO log stop ----
Pressing 'Log Stop'...
  button now : 'Log Start'
  size       : 1038674 then 1038674 bytes
  rows       : 510

Logging stopped.

================ RESULT ================
  sweep exit    : 0
  elapsed       : 4.3 min (expected ~10)
  hwinfo log    : 1038674 bytes, 510 rows
  result file   : C:\headroom-bench\results\20260923-100401_5060ti-rungB-suite-copy\wrapper-result.json

Run complete and both halves verified.
[10:08:30] exit 0 for copy
[10:08:30] [2/12] reduce

================ PLAN ================
  label        : 5060ti-rungB-suite-reduce
  workload     : reduce
  band         : 1237-3090 MHz, 13 points
  iterations   : 2870
  output dir   : C:\headroom-bench\results\20260923-100830_5060ti-rungB-suite-reduce
  hwinfo log   : C:\headroom-bench\results\20260923-100830_5060ti-rungB-suite-reduce\5060ti-rungB-suite-reduce-hwinfo.csv
  expected     : ~10 min
  applied      : AFTERBURNER PROFILE 1 = RUNG B (worklist 4e, REGISTERED-PREDICTIONS section 1): P5 with points at or below 840 mV raised ~+170 MHz, 720 mV at 1702 MHz; PL 111 (200 W), memory +2500. Applied by MSIAfterburner.exe -profile1 -q and VERIFIED LIVE by memory under load (16301 MHz) and power limit 200.00 W. Profile store SHA-256 110AA774D5FC4123, byte-identical to data/afterburner-profiles/5060ti-profiles-20260922-rungB. NVML offset 0. HWiNFO SensorInterval 500, driver 616.92, operator absent, driving agent silent. Iterations 2870 as 5060ti-stock-repro-20260922. Same session as the activity A/B test.

---- preflight ----
  power limit : 200.00 W, 180.00 W
  pmon sm     : mean 2.2%, peak 4% across 4 sample(s)
  pmon        : idle enough to proceed

---- HWiNFO log start ----

Pressing 'Log Start' (async - it opens a modal dialog)...
Setting the filename, with the change notification the dialog needs...

  button now : 'Log Stop'
  file       : C:\headroom-bench\results\20260923-100830_5060ti-rungB-suite-reduce\5060ti-rungB-suite-reduce-hwinfo.csv
  size       : 22290 then 37868 bytes

Logging is running and the file is growing.

---- sweep ----
  workload cmd: C:\Users\Raymond\AppData\Local\Programs\Python\Python312\python.exe C:\Users\Raymond\Documents\headroom\tools\frequency-sweep\gpu_workload.py --workload reduce --json --iterations 2870

[SWEEP] GPU:        NVIDIA GeForce RTX 5060 Ti (driver 616.92)
[SWEEP] Max clock:  3090 MHz | power limit 200.00 W enforced (180.00 W default, 200.00 W max)
[SWEEP] Supported:  389 discrete graphics clocks, 180-3090 MHz
[SWEEP] Sweep band:  1237-3090 MHz (explicit) - FINE sweep, ~154 MHz apart. Not a full-range curve.
[SWEEP] Testing:    13 frequencies -> 1237, 1395, 1545, 1702, 1852, 2010, 2167, 2317, 2475, 2625, 2782, 2932, 3090 MHz
[SWEEP] Workload:   C:\Users\Raymond\AppData\Local\Programs\Python\Python312\python.exe C:\Users\Raymond\Documents\headroom\tools\frequency-sweep\gpu_workload.py --workload reduce --json --iterations 2870   (timed; duration is the performance metric)
[SWEEP] Estimated:  ~6.1 min of measurement (plus workload time if any)

[SWEEP] Configuration: AFTERBURNER PROFILE 1 = RUNG B (worklist 4e, REGISTERED-PREDICTIONS section 1): P5 with points at or below 840 mV raised ~+170 MHz, 720 mV at 1702 MHz; PL 111 (200 W), memory +2500. Applied by MSIAfterburner.exe -profile1 -q and VERIFIED LIVE by memory under load (16301 MHz) and power limit 200.00 W. Profile store SHA-256 110AA774D5FC4123, byte-identical to data/afterburner-profiles/5060ti-profiles-20260922-rungB. NVML offset 0. HWiNFO SensorInterval 500, driver 616.92, operator absent, driving agent silent. Iterations 2870 as 5060ti-stock-repro-20260922. Same session as the activity A/B test.

[SWEEP] Checking the GPU is quiet before starting...
[SWEEP] Video engines idle (encoder 0%, decoder 0%).
[SWEEP] Free VRAM 15471 MB - clear to start.
[SWEEP] Baseline utilisation 2.2% - clear to start.
[SWEEP] No interactive console - Ctrl+C interception unavailable. The finally block still resets clocks.
[SWEEP] NOTE: QuickEdit could not be disabled (likely no interactive console). If this window is interactive, DO NOT CLICK IN IT - a click freezes the run.
[SWEEP] --> locking 1237 MHz
[SWEEP]      1237 MHz -> achieved 1236.5 MHz (held),  48.67 W [26 in-window of 30],  43 C, util 92.9%
[SWEEP] --> locking 1395 MHz
[SWEEP]      1395 MHz -> achieved 1393.1 MHz (held),  48.19 W [25 in-window of 29], 41.9 C, util 95.4%
[SWEEP] --> locking 1545 MHz
[SWEEP]      1545 MHz -> achieved 1543.3 MHz (held),  49.13 W [24 in-window of 27], 40.9 C, util 93.7%
[SWEEP] --> locking 1702 MHz
[SWEEP]      1702 MHz -> achieved   1695 MHz (held),  51.94 W [22 in-window of 25], 40.6 C, util 91.6%
[SWEEP] --> locking 1852 MHz
[SWEEP]      1852 MHz -> achieved   1845 MHz (held),  57.33 W [19 in-window of 23], 40.7 C, util 94.8%
[SWEEP] --> locking 2010 MHz
[SWEEP]      2010 MHz -> achieved   2002 MHz (held),  60.92 W [17 in-window of 21], 40.8 C, util 93.6%
[SWEEP] --> locking 2167 MHz
[SWEEP]      2167 MHz -> achieved   2160 MHz (held),  66.16 W [16 in-window of 19], 41.5 C, util 93.1%
[SWEEP] --> locking 2317 MHz
[SWEEP]      2317 MHz -> achieved 2298.1 MHz (held),  68.84 W [16 in-window of 19], 41.8 C, util  95%
[SWEEP] --> locking 2475 MHz
[SWEEP]      2475 MHz -> achieved 2458.5 MHz (held),  68.74 W [16 in-window of 19], 41.7 C, util 93.5%
[SWEEP] --> locking 2625 MHz
[SWEEP]      2625 MHz -> achieved 2591.7 MHz (UNDERSHOT -33.3),   70.1 W [15 in-window of 19],  42 C, util 99.3%
[SWEEP] --> locking 2782 MHz
[SWEEP]      2782 MHz -> achieved   2775 MHz (held),  69.77 W [15 in-window of 19],  42 C, util 93.1%
[SWEEP] --> locking 2932 MHz
[SWEEP]      2932 MHz -> achieved   2925 MHz (held),  78.01 W [14 in-window of 18], 42.8 C, util 94.4%
[SWEEP] --> locking 3090 MHz
[SWEEP]      3090 MHz -> achieved   3017 MHz (UNDERSHOT -73),  78.91 W [14 in-window of 18], 43.2 C, util 92.2%

[SWEEP] Resetting GPU clocks...
[SWEEP] Clocks reset. Card is now reporting 3022 MHz at idle/load.

[SWEEP] ===================== RESULT =====================
[SWEEP] Measured 13 of 13 planned frequencies.
[SWEEP] Configuration: AFTERBURNER PROFILE 1 = RUNG B (worklist 4e, REGISTERED-PREDICTIONS section 1): P5 with points at or below 840 mV raised ~+170 MHz, 720 mV at 1702 MHz; PL 111 (200 W), memory +2500. Applied by MSIAfterburner.exe -profile1 -q and VERIFIED LIVE by memory under load (16301 MHz) and power limit 200.00 W. Profile store SHA-256 110AA774D5FC4123, byte-identical to data/afterburner-profiles/5060ti-profiles-20260922-rungB. NVML offset 0. HWiNFO SensorInterval 500, driver 616.92, operator absent, driving agent silent. Iterations 2870 as 5060ti-stock-repro-20260922. Same session as the activity A/B test.
[SWEEP] NOTE: 2 point(s) ran BELOW their target by more than 30 MHz.
[SWEEP] The card could not sustain the requested clock - power or thermal limits. Expected
[SWEEP] at the top of the range, where max boost is a bin the card never actually holds.
[SWEEP] CSV:  C:\headroom-bench\results\20260923-100830_5060ti-rungB-suite-reduce\20260923-100846_5060ti-rungB-suite-reduce_sweep.csv
[SWEEP] JSON: C:\headroom-bench\results\20260923-100830_5060ti-rungB-suite-reduce\20260923-100846_5060ti-rungB-suite-reduce_sweep.json
[SWEEP] ==================================================

[SWEEP] Clock locks do NOT survive a reboot. If anything looks wrong with the card's
[SWEEP] clocks after this, reboot and it returns to stock.

---- HWiNFO log stop ----
Pressing 'Log Stop'...
  button now : 'Log Start'
  size       : 1107586 then 1107586 bytes
  rows       : 544

Logging stopped.

================ RESULT ================
  sweep exit    : 0
  elapsed       : 4.6 min (expected ~10)
  hwinfo log    : 1107586 bytes, 544 rows
  result file   : C:\headroom-bench\results\20260923-100830_5060ti-rungB-suite-reduce\wrapper-result.json

Run complete and both halves verified.
[10:13:15] exit 0 for reduce
[10:13:15] [3/12] softmax

================ PLAN ================
  label        : 5060ti-rungB-suite-softmax
  workload     : softmax
  band         : 1237-3090 MHz, 13 points
  iterations   : 2600
  output dir   : C:\headroom-bench\results\20260923-101315_5060ti-rungB-suite-softmax
  hwinfo log   : C:\headroom-bench\results\20260923-101315_5060ti-rungB-suite-softmax\5060ti-rungB-suite-softmax-hwinfo.csv
  expected     : ~10 min
  applied      : AFTERBURNER PROFILE 1 = RUNG B (worklist 4e, REGISTERED-PREDICTIONS section 1): P5 with points at or below 840 mV raised ~+170 MHz, 720 mV at 1702 MHz; PL 111 (200 W), memory +2500. Applied by MSIAfterburner.exe -profile1 -q and VERIFIED LIVE by memory under load (16301 MHz) and power limit 200.00 W. Profile store SHA-256 110AA774D5FC4123, byte-identical to data/afterburner-profiles/5060ti-profiles-20260922-rungB. NVML offset 0. HWiNFO SensorInterval 500, driver 616.92, operator absent, driving agent silent. Iterations 2600 as 5060ti-stock-repro-20260922. Same session as the activity A/B test.

---- preflight ----
  power limit : 200.00 W, 180.00 W
  pmon sm     : mean 1.8%, peak 3% across 4 sample(s)
  pmon        : idle enough to proceed

---- HWiNFO log start ----

Pressing 'Log Start' (async - it opens a modal dialog)...
Setting the filename, with the change notification the dialog needs...

  button now : 'Log Stop'
  file       : C:\headroom-bench\results\20260923-101315_5060ti-rungB-suite-softmax\5060ti-rungB-suite-softmax-hwinfo.csv
  size       : 22285 then 37851 bytes

Logging is running and the file is growing.

---- sweep ----
  workload cmd: C:\Users\Raymond\AppData\Local\Programs\Python\Python312\python.exe C:\Users\Raymond\Documents\headroom\tools\frequency-sweep\gpu_workload.py --workload softmax --json --iterations 2600

[SWEEP] GPU:        NVIDIA GeForce RTX 5060 Ti (driver 616.92)
[SWEEP] Max clock:  3090 MHz | power limit 200.00 W enforced (180.00 W default, 200.00 W max)
[SWEEP] Supported:  389 discrete graphics clocks, 180-3090 MHz
[SWEEP] Sweep band:  1237-3090 MHz (explicit) - FINE sweep, ~154 MHz apart. Not a full-range curve.
[SWEEP] Testing:    13 frequencies -> 1237, 1395, 1545, 1702, 1852, 2010, 2167, 2317, 2475, 2625, 2782, 2932, 3090 MHz
[SWEEP] Workload:   C:\Users\Raymond\AppData\Local\Programs\Python\Python312\python.exe C:\Users\Raymond\Documents\headroom\tools\frequency-sweep\gpu_workload.py --workload softmax --json --iterations 2600   (timed; duration is the performance metric)
[SWEEP] Estimated:  ~6.1 min of measurement (plus workload time if any)

[SWEEP] Configuration: AFTERBURNER PROFILE 1 = RUNG B (worklist 4e, REGISTERED-PREDICTIONS section 1): P5 with points at or below 840 mV raised ~+170 MHz, 720 mV at 1702 MHz; PL 111 (200 W), memory +2500. Applied by MSIAfterburner.exe -profile1 -q and VERIFIED LIVE by memory under load (16301 MHz) and power limit 200.00 W. Profile store SHA-256 110AA774D5FC4123, byte-identical to data/afterburner-profiles/5060ti-profiles-20260922-rungB. NVML offset 0. HWiNFO SensorInterval 500, driver 616.92, operator absent, driving agent silent. Iterations 2600 as 5060ti-stock-repro-20260922. Same session as the activity A/B test.

[SWEEP] Checking the GPU is quiet before starting...
[SWEEP] Video engines idle (encoder 0%, decoder 0%).
[SWEEP] Free VRAM 15471 MB - clear to start.
[SWEEP] Baseline utilisation 2.6% - clear to start.
[SWEEP] No interactive console - Ctrl+C interception unavailable. The finally block still resets clocks.
[SWEEP] NOTE: QuickEdit could not be disabled (likely no interactive console). If this window is interactive, DO NOT CLICK IN IT - a click freezes the run.
[SWEEP] --> locking 1237 MHz
[SWEEP]      1237 MHz -> achieved 1236.3 MHz (held),  59.41 W [19 in-window of 23], 41.9 C, util 92.8%
[SWEEP] --> locking 1395 MHz
[SWEEP]      1395 MHz -> achieved 1393.2 MHz (held),  61.22 W [18 in-window of 22], 43.6 C, util 93.9%
[SWEEP] --> locking 1545 MHz
[SWEEP]      1545 MHz -> achieved 1543.1 MHz (held),  62.82 W [17 in-window of 21], 44.8 C, util 93.9%
[SWEEP] --> locking 1702 MHz
[SWEEP]      1702 MHz -> achieved   1695 MHz (held),   65.9 W [16 in-window of 19], 46.2 C, util 97.1%
[SWEEP] --> locking 1852 MHz
[SWEEP]      1852 MHz -> achieved 1840.7 MHz (held),  71.98 W [15 in-window of 19], 47.9 C, util 99.3%
[SWEEP] --> locking 2010 MHz
[SWEEP]      2010 MHz -> achieved   2002 MHz (held),  76.98 W [14 in-window of 18], 49.4 C, util 92.5%
[SWEEP] --> locking 2167 MHz
[SWEEP]      2167 MHz -> achieved   2160 MHz (held),  86.37 W [14 in-window of 18], 51.6 C, util 95.6%
[SWEEP] --> locking 2317 MHz
[SWEEP]      2317 MHz -> achieved 2289.8 MHz (held),  84.79 W [14 in-window of 18], 52.5 C, util 92.4%
[SWEEP] --> locking 2475 MHz
[SWEEP]      2475 MHz -> achieved 2440.4 MHz (UNDERSHOT -34.6),  88.35 W [14 in-window of 18], 51.5 C, util 96.7%
[SWEEP] --> locking 2625 MHz
[SWEEP]      2625 MHz -> achieved 2568.6 MHz (UNDERSHOT -56.4),  85.61 W [14 in-window of 18], 49.9 C, util 92.4%
[SWEEP] --> locking 2782 MHz
[SWEEP]      2782 MHz -> achieved   2762 MHz (held),  89.62 W [14 in-window of 18], 49.5 C, util 93.5%
[SWEEP] --> locking 2932 MHz
[SWEEP]      2932 MHz -> achieved   2925 MHz (held),  93.78 W [14 in-window of 18], 49.4 C, util 92.3%
[SWEEP] --> locking 3090 MHz
[SWEEP]      3090 MHz -> achieved   3015 MHz (UNDERSHOT -75), 101.35 W [14 in-window of 18], 50.4 C, util 94.8%

[SWEEP] Resetting GPU clocks...
[SWEEP] Clocks reset. Card is now reporting 3015 MHz at idle/load.

[SWEEP] ===================== RESULT =====================
[SWEEP] Measured 13 of 13 planned frequencies.
[SWEEP] Configuration: AFTERBURNER PROFILE 1 = RUNG B (worklist 4e, REGISTERED-PREDICTIONS section 1): P5 with points at or below 840 mV raised ~+170 MHz, 720 mV at 1702 MHz; PL 111 (200 W), memory +2500. Applied by MSIAfterburner.exe -profile1 -q and VERIFIED LIVE by memory under load (16301 MHz) and power limit 200.00 W. Profile store SHA-256 110AA774D5FC4123, byte-identical to data/afterburner-profiles/5060ti-profiles-20260922-rungB. NVML offset 0. HWiNFO SensorInterval 500, driver 616.92, operator absent, driving agent silent. Iterations 2600 as 5060ti-stock-repro-20260922. Same session as the activity A/B test.
[SWEEP] NOTE: 3 point(s) ran BELOW their target by more than 30 MHz.
[SWEEP] The card could not sustain the requested clock - power or thermal limits. Expected
[SWEEP] at the top of the range, where max boost is a bin the card never actually holds.
[SWEEP] CSV:  C:\headroom-bench\results\20260923-101315_5060ti-rungB-suite-softmax\20260923-101332_5060ti-rungB-suite-softmax_sweep.csv
[SWEEP] JSON: C:\headroom-bench\results\20260923-101315_5060ti-rungB-suite-softmax\20260923-101332_5060ti-rungB-suite-softmax_sweep.json
[SWEEP] ==================================================

[SWEEP] Clock locks do NOT survive a reboot. If anything looks wrong with the card's
[SWEEP] clocks after this, reboot and it returns to stock.

---- HWiNFO log stop ----
Pressing 'Log Stop'...
  button now : 'Log Start'
  size       : 1025015 then 1025015 bytes
  rows       : 503

Logging stopped.

================ RESULT ================
  sweep exit    : 0
  elapsed       : 4.2 min (expected ~10)
  hwinfo log    : 1025015 bytes, 503 rows
  result file   : C:\headroom-bench\results\20260923-101315_5060ti-rungB-suite-softmax\wrapper-result.json

Run complete and both halves verified.
[10:17:40] exit 0 for softmax
[10:17:40] [4/12] layernorm

================ PLAN ================
  label        : 5060ti-rungB-suite-layernorm
  workload     : layernorm
  band         : 1237-3090 MHz, 13 points
  iterations   : 1597
  output dir   : C:\headroom-bench\results\20260923-101741_5060ti-rungB-suite-layernorm
  hwinfo log   : C:\headroom-bench\results\20260923-101741_5060ti-rungB-suite-layernorm\5060ti-rungB-suite-layernorm-hwinfo.csv
  expected     : ~10 min
  applied      : AFTERBURNER PROFILE 1 = RUNG B (worklist 4e, REGISTERED-PREDICTIONS section 1): P5 with points at or below 840 mV raised ~+170 MHz, 720 mV at 1702 MHz; PL 111 (200 W), memory +2500. Applied by MSIAfterburner.exe -profile1 -q and VERIFIED LIVE by memory under load (16301 MHz) and power limit 200.00 W. Profile store SHA-256 110AA774D5FC4123, byte-identical to data/afterburner-profiles/5060ti-profiles-20260922-rungB. NVML offset 0. HWiNFO SensorInterval 500, driver 616.92, operator absent, driving agent silent. Iterations 1597 as 5060ti-stock-repro-20260922. Same session as the activity A/B test.

---- preflight ----
  power limit : 200.00 W, 180.00 W
  pmon sm     : mean 1.5%, peak 4% across 4 sample(s)
  pmon        : idle enough to proceed

---- HWiNFO log start ----

Pressing 'Log Start' (async - it opens a modal dialog)...
Setting the filename, with the change notification the dialog needs...

  button now : 'Log Stop'
  file       : C:\headroom-bench\results\20260923-101741_5060ti-rungB-suite-layernorm\5060ti-rungB-suite-layernorm-hwinfo.csv
  size       : 22298 then 37952 bytes

Logging is running and the file is growing.

---- sweep ----
  workload cmd: C:\Users\Raymond\AppData\Local\Programs\Python\Python312\python.exe C:\Users\Raymond\Documents\headroom\tools\frequency-sweep\gpu_workload.py --workload layernorm --json --iterations 1597

[SWEEP] GPU:        NVIDIA GeForce RTX 5060 Ti (driver 616.92)
[SWEEP] Max clock:  3090 MHz | power limit 200.00 W enforced (180.00 W default, 200.00 W max)
[SWEEP] Supported:  389 discrete graphics clocks, 180-3090 MHz
[SWEEP] Sweep band:  1237-3090 MHz (explicit) - FINE sweep, ~154 MHz apart. Not a full-range curve.
[SWEEP] Testing:    13 frequencies -> 1237, 1395, 1545, 1702, 1852, 2010, 2167, 2317, 2475, 2625, 2782, 2932, 3090 MHz
[SWEEP] Workload:   C:\Users\Raymond\AppData\Local\Programs\Python\Python312\python.exe C:\Users\Raymond\Documents\headroom\tools\frequency-sweep\gpu_workload.py --workload layernorm --json --iterations 1597   (timed; duration is the performance metric)
[SWEEP] Estimated:  ~6.1 min of measurement (plus workload time if any)

[SWEEP] Configuration: AFTERBURNER PROFILE 1 = RUNG B (worklist 4e, REGISTERED-PREDICTIONS section 1): P5 with points at or below 840 mV raised ~+170 MHz, 720 mV at 1702 MHz; PL 111 (200 W), memory +2500. Applied by MSIAfterburner.exe -profile1 -q and VERIFIED LIVE by memory under load (16301 MHz) and power limit 200.00 W. Profile store SHA-256 110AA774D5FC4123, byte-identical to data/afterburner-profiles/5060ti-profiles-20260922-rungB. NVML offset 0. HWiNFO SensorInterval 500, driver 616.92, operator absent, driving agent silent. Iterations 1597 as 5060ti-stock-repro-20260922. Same session as the activity A/B test.

[SWEEP] Checking the GPU is quiet before starting...
[SWEEP] Video engines idle (encoder 0%, decoder 0%).
[SWEEP] Free VRAM 15471 MB - clear to start.
[SWEEP] Baseline utilisation 4% - clear to start.
[SWEEP] No interactive console - Ctrl+C interception unavailable. The finally block still resets clocks.
[SWEEP] NOTE: QuickEdit could not be disabled (likely no interactive console). If this window is interactive, DO NOT CLICK IN IT - a click freezes the run.
[SWEEP] --> locking 1237 MHz
[SWEEP]      1237 MHz -> achieved 1235.7 MHz (held),  56.52 W [21 in-window of 24], 41.9 C, util 97.6%
[SWEEP] --> locking 1395 MHz
[SWEEP]      1395 MHz -> achieved   1393 MHz (held),  57.53 W [20 in-window of 23], 41.8 C, util 94.8%
[SWEEP] --> locking 1545 MHz
[SWEEP]      1545 MHz -> achieved 1542.9 MHz (held),  58.85 W [19 in-window of 22], 41.6 C, util 95.1%
[SWEEP] --> locking 1702 MHz
[SWEEP]      1702 MHz -> achieved   1695 MHz (held),   61.4 W [18 in-window of 21], 41.7 C, util 97.4%
[SWEEP] --> locking 1852 MHz
[SWEEP]      1852 MHz -> achieved 1844.5 MHz (held),  66.79 W [16 in-window of 20],  42 C, util 88.7%
[SWEEP] --> locking 2010 MHz
[SWEEP]      2010 MHz -> achieved   2002 MHz (held),  71.24 W [16 in-window of 19], 42.8 C, util 93.1%
[SWEEP] --> locking 2167 MHz
[SWEEP]      2167 MHz -> achieved   2160 MHz (held),     79 W [15 in-window of 19], 43.7 C, util 95.9%
[SWEEP] --> locking 2317 MHz
[SWEEP]      2317 MHz -> achieved 2285.7 MHz (UNDERSHOT -31.3),  78.37 W [15 in-window of 19], 43.9 C, util 92.7%
[SWEEP] --> locking 2475 MHz
[SWEEP]      2475 MHz -> achieved 2438.6 MHz (UNDERSHOT -36.4),   80.6 W [15 in-window of 18], 44.4 C, util 94.7%
[SWEEP] --> locking 2625 MHz
[SWEEP]      2625 MHz -> achieved 2562.2 MHz (UNDERSHOT -62.8),  80.78 W [15 in-window of 18], 44.5 C, util 92.4%
[SWEEP] --> locking 2782 MHz
[SWEEP]      2782 MHz -> achieved 2767.1 MHz (held),  83.54 W [15 in-window of 18], 45.2 C, util 95.9%
[SWEEP] --> locking 2932 MHz
[SWEEP]      2932 MHz -> achieved   2925 MHz (held),  87.66 W [14 in-window of 18], 45.9 C, util 92.3%
[SWEEP] --> locking 3090 MHz
[SWEEP]      3090 MHz -> achieved 3015.5 MHz (UNDERSHOT -74.5),   93.3 W [14 in-window of 18], 46.8 C, util 95.1%

[SWEEP] Resetting GPU clocks...
[SWEEP] Clocks reset. Card is now reporting 3022 MHz at idle/load.

[SWEEP] ===================== RESULT =====================
[SWEEP] Measured 13 of 13 planned frequencies.
[SWEEP] Configuration: AFTERBURNER PROFILE 1 = RUNG B (worklist 4e, REGISTERED-PREDICTIONS section 1): P5 with points at or below 840 mV raised ~+170 MHz, 720 mV at 1702 MHz; PL 111 (200 W), memory +2500. Applied by MSIAfterburner.exe -profile1 -q and VERIFIED LIVE by memory under load (16301 MHz) and power limit 200.00 W. Profile store SHA-256 110AA774D5FC4123, byte-identical to data/afterburner-profiles/5060ti-profiles-20260922-rungB. NVML offset 0. HWiNFO SensorInterval 500, driver 616.92, operator absent, driving agent silent. Iterations 1597 as 5060ti-stock-repro-20260922. Same session as the activity A/B test.
[SWEEP] NOTE: 4 point(s) ran BELOW their target by more than 30 MHz.
[SWEEP] The card could not sustain the requested clock - power or thermal limits. Expected
[SWEEP] at the top of the range, where max boost is a bin the card never actually holds.
[SWEEP] CSV:  C:\headroom-bench\results\20260923-101741_5060ti-rungB-suite-layernorm\20260923-101757_5060ti-rungB-suite-layernorm_sweep.csv
[SWEEP] JSON: C:\headroom-bench\results\20260923-101741_5060ti-rungB-suite-layernorm\20260923-101757_5060ti-rungB-suite-layernorm_sweep.json
[SWEEP] ==================================================

[SWEEP] Clock locks do NOT survive a reboot. If anything looks wrong with the card's
[SWEEP] clocks after this, reboot and it returns to stock.

---- HWiNFO log stop ----
Pressing 'Log Stop'...
  button now : 'Log Start'
  size       : 1044877 then 1044877 bytes
  rows       : 512

Logging stopped.

================ RESULT ================
  sweep exit    : 0
  elapsed       : 4.3 min (expected ~10)
  hwinfo log    : 1044877 bytes, 512 rows
  result file   : C:\headroom-bench\results\20260923-101741_5060ti-rungB-suite-layernorm\wrapper-result.json

Run complete and both halves verified.
[10:22:10] exit 0 for layernorm
[10:22:10] [5/12] bgemm32

================ PLAN ================
  label        : 5060ti-rungB-suite-bgemm32
  workload     : bgemm32
  band         : 1237-3090 MHz, 13 points
  iterations   : 2673
  output dir   : C:\headroom-bench\results\20260923-102211_5060ti-rungB-suite-bgemm32
  hwinfo log   : C:\headroom-bench\results\20260923-102211_5060ti-rungB-suite-bgemm32\5060ti-rungB-suite-bgemm32-hwinfo.csv
  expected     : ~10 min
  applied      : AFTERBURNER PROFILE 1 = RUNG B (worklist 4e, REGISTERED-PREDICTIONS section 1): P5 with points at or below 840 mV raised ~+170 MHz, 720 mV at 1702 MHz; PL 111 (200 W), memory +2500. Applied by MSIAfterburner.exe -profile1 -q and VERIFIED LIVE by memory under load (16301 MHz) and power limit 200.00 W. Profile store SHA-256 110AA774D5FC4123, byte-identical to data/afterburner-profiles/5060ti-profiles-20260922-rungB. NVML offset 0. HWiNFO SensorInterval 500, driver 616.92, operator absent, driving agent silent. Iterations 2673 as 5060ti-stock-repro-20260922. Same session as the activity A/B test.

---- preflight ----
  power limit : 200.00 W, 180.00 W
  pmon sm     : mean 2%, peak 3% across 4 sample(s)
  pmon        : idle enough to proceed

---- HWiNFO log start ----

Pressing 'Log Start' (async - it opens a modal dialog)...
Setting the filename, with the change notification the dialog needs...

  button now : 'Log Stop'
  file       : C:\headroom-bench\results\20260923-102211_5060ti-rungB-suite-bgemm32\5060ti-rungB-suite-bgemm32-hwinfo.csv
  size       : 22286 then 37933 bytes

Logging is running and the file is growing.

---- sweep ----
  workload cmd: C:\Users\Raymond\AppData\Local\Programs\Python\Python312\python.exe C:\Users\Raymond\Documents\headroom\tools\frequency-sweep\gpu_workload.py --workload bgemm32 --json --iterations 2673

[SWEEP] GPU:        NVIDIA GeForce RTX 5060 Ti (driver 616.92)
[SWEEP] Max clock:  3090 MHz | power limit 200.00 W enforced (180.00 W default, 200.00 W max)
[SWEEP] Supported:  389 discrete graphics clocks, 180-3090 MHz
[SWEEP] Sweep band:  1237-3090 MHz (explicit) - FINE sweep, ~154 MHz apart. Not a full-range curve.
[SWEEP] Testing:    13 frequencies -> 1237, 1395, 1545, 1702, 1852, 2010, 2167, 2317, 2475, 2625, 2782, 2932, 3090 MHz
[SWEEP] Workload:   C:\Users\Raymond\AppData\Local\Programs\Python\Python312\python.exe C:\Users\Raymond\Documents\headroom\tools\frequency-sweep\gpu_workload.py --workload bgemm32 --json --iterations 2673   (timed; duration is the performance metric)
[SWEEP] Estimated:  ~6.1 min of measurement (plus workload time if any)

[SWEEP] Configuration: AFTERBURNER PROFILE 1 = RUNG B (worklist 4e, REGISTERED-PREDICTIONS section 1): P5 with points at or below 840 mV raised ~+170 MHz, 720 mV at 1702 MHz; PL 111 (200 W), memory +2500. Applied by MSIAfterburner.exe -profile1 -q and VERIFIED LIVE by memory under load (16301 MHz) and power limit 200.00 W. Profile store SHA-256 110AA774D5FC4123, byte-identical to data/afterburner-profiles/5060ti-profiles-20260922-rungB. NVML offset 0. HWiNFO SensorInterval 500, driver 616.92, operator absent, driving agent silent. Iterations 2673 as 5060ti-stock-repro-20260922. Same session as the activity A/B test.

[SWEEP] Checking the GPU is quiet before starting...
[SWEEP] Video engines idle (encoder 0%, decoder 0%).
[SWEEP] Free VRAM 15471 MB - clear to start.
[SWEEP] Baseline utilisation 3.2% - clear to start.
[SWEEP] No interactive console - Ctrl+C interception unavailable. The finally block still resets clocks.
[SWEEP] NOTE: QuickEdit could not be disabled (likely no interactive console). If this window is interactive, DO NOT CLICK IN IT - a click freezes the run.
[SWEEP] --> locking 1237 MHz
[SWEEP]      1237 MHz -> achieved 1234.6 MHz (held),  69.59 W [20 in-window of 23], 42.7 C, util 92.8%
[SWEEP] --> locking 1395 MHz
[SWEEP]      1395 MHz -> achieved 1393.3 MHz (held),  71.38 W [19 in-window of 22], 43.4 C, util 94.4%
[SWEEP] --> locking 1545 MHz
[SWEEP]      1545 MHz -> achieved 1543.7 MHz (held),  72.69 W [18 in-window of 22], 43.6 C, util 95.4%
[SWEEP] --> locking 1702 MHz
[SWEEP]      1702 MHz -> achieved   1695 MHz (held),  79.51 W [17 in-window of 20], 44.4 C, util 94.8%
[SWEEP] --> locking 1852 MHz
[SWEEP]      1852 MHz -> achieved 1843.5 MHz (held),  82.49 W [16 in-window of 19], 45.2 C, util 91.8%
[SWEEP] --> locking 2010 MHz
[SWEEP]      2010 MHz -> achieved   2002 MHz (held),  96.43 W [15 in-window of 18], 46.9 C, util 94.7%
[SWEEP] --> locking 2167 MHz
[SWEEP]      2167 MHz -> achieved   2160 MHz (held), 106.17 W [14 in-window of 18], 48.6 C, util 86.9%
[SWEEP] --> locking 2317 MHz
[SWEEP]      2317 MHz -> achieved 2283.6 MHz (UNDERSHOT -33.4), 103.69 W [14 in-window of 18], 49.1 C, util 92.2%
[SWEEP] --> locking 2475 MHz
[SWEEP]      2475 MHz -> achieved 2435.8 MHz (UNDERSHOT -39.2), 108.76 W [14 in-window of 18], 49.6 C, util 87.4%
[SWEEP] --> locking 2625 MHz
[SWEEP]      2625 MHz -> achieved 2555.1 MHz (UNDERSHOT -69.9), 106.34 W [14 in-window of 18], 50.1 C, util 92.4%
[SWEEP] --> locking 2782 MHz
[SWEEP]      2782 MHz -> achieved 2761.3 MHz (held), 113.11 W [14 in-window of 18], 50.8 C, util 86.6%
[SWEEP] --> locking 2932 MHz
[SWEEP]      2932 MHz -> achieved 2920.4 MHz (held), 118.66 W [14 in-window of 18], 51.9 C, util  94%
[SWEEP] --> locking 3090 MHz
[SWEEP]      3090 MHz -> achieved 3010.4 MHz (UNDERSHOT -79.6),  122.8 W [14 in-window of 18], 52.8 C, util 92.4%

[SWEEP] Resetting GPU clocks...
[SWEEP] Clocks reset. Card is now reporting 3015 MHz at idle/load.

[SWEEP] ===================== RESULT =====================
[SWEEP] Measured 13 of 13 planned frequencies.
[SWEEP] Configuration: AFTERBURNER PROFILE 1 = RUNG B (worklist 4e, REGISTERED-PREDICTIONS section 1): P5 with points at or below 840 mV raised ~+170 MHz, 720 mV at 1702 MHz; PL 111 (200 W), memory +2500. Applied by MSIAfterburner.exe -profile1 -q and VERIFIED LIVE by memory under load (16301 MHz) and power limit 200.00 W. Profile store SHA-256 110AA774D5FC4123, byte-identical to data/afterburner-profiles/5060ti-profiles-20260922-rungB. NVML offset 0. HWiNFO SensorInterval 500, driver 616.92, operator absent, driving agent silent. Iterations 2673 as 5060ti-stock-repro-20260922. Same session as the activity A/B test.
[SWEEP] NOTE: 4 point(s) ran BELOW their target by more than 30 MHz.
[SWEEP] The card could not sustain the requested clock - power or thermal limits. Expected
[SWEEP] at the top of the range, where max boost is a bin the card never actually holds.
[SWEEP] CSV:  C:\headroom-bench\results\20260923-102211_5060ti-rungB-suite-bgemm32\20260923-102227_5060ti-rungB-suite-bgemm32_sweep.csv
[SWEEP] JSON: C:\headroom-bench\results\20260923-102211_5060ti-rungB-suite-bgemm32\20260923-102227_5060ti-rungB-suite-bgemm32_sweep.json
[SWEEP] ==================================================

[SWEEP] Clock locks do NOT survive a reboot. If anything looks wrong with the card's
[SWEEP] clocks after this, reboot and it returns to stock.

---- HWiNFO log stop ----
Pressing 'Log Stop'...
  button now : 'Log Start'
  size       : 1030423 then 1030423 bytes
  rows       : 505

Logging stopped.

================ RESULT ================
  sweep exit    : 0
  elapsed       : 4.2 min (expected ~10)
  hwinfo log    : 1030423 bytes, 505 rows
  result file   : C:\headroom-bench\results\20260923-102211_5060ti-rungB-suite-bgemm32\wrapper-result.json

Run complete and both halves verified.
[10:26:37] exit 0 for bgemm32
[10:26:37] [6/12] bgemm64

================ PLAN ================
  label        : 5060ti-rungB-suite-bgemm64
  workload     : bgemm64
  band         : 1237-3090 MHz, 13 points
  iterations   : 2661
  output dir   : C:\headroom-bench\results\20260923-102637_5060ti-rungB-suite-bgemm64
  hwinfo log   : C:\headroom-bench\results\20260923-102637_5060ti-rungB-suite-bgemm64\5060ti-rungB-suite-bgemm64-hwinfo.csv
  expected     : ~10 min
  applied      : AFTERBURNER PROFILE 1 = RUNG B (worklist 4e, REGISTERED-PREDICTIONS section 1): P5 with points at or below 840 mV raised ~+170 MHz, 720 mV at 1702 MHz; PL 111 (200 W), memory +2500. Applied by MSIAfterburner.exe -profile1 -q and VERIFIED LIVE by memory under load (16301 MHz) and power limit 200.00 W. Profile store SHA-256 110AA774D5FC4123, byte-identical to data/afterburner-profiles/5060ti-profiles-20260922-rungB. NVML offset 0. HWiNFO SensorInterval 500, driver 616.92, operator absent, driving agent silent. Iterations 2661 as 5060ti-stock-repro-20260922. Same session as the activity A/B test.

---- preflight ----
  power limit : 200.00 W, 180.00 W
  pmon sm     : mean 2.5%, peak 4% across 4 sample(s)
  pmon        : idle enough to proceed

---- HWiNFO log start ----

Pressing 'Log Start' (async - it opens a modal dialog)...
Setting the filename, with the change notification the dialog needs...

  button now : 'Log Stop'
  file       : C:\headroom-bench\results\20260923-102637_5060ti-rungB-suite-bgemm64\5060ti-rungB-suite-bgemm64-hwinfo.csv
  size       : 24257 then 39886 bytes

Logging is running and the file is growing.

---- sweep ----
  workload cmd: C:\Users\Raymond\AppData\Local\Programs\Python\Python312\python.exe C:\Users\Raymond\Documents\headroom\tools\frequency-sweep\gpu_workload.py --workload bgemm64 --json --iterations 2661

[SWEEP] GPU:        NVIDIA GeForce RTX 5060 Ti (driver 616.92)
[SWEEP] Max clock:  3090 MHz | power limit 200.00 W enforced (180.00 W default, 200.00 W max)
[SWEEP] Supported:  389 discrete graphics clocks, 180-3090 MHz
[SWEEP] Sweep band:  1237-3090 MHz (explicit) - FINE sweep, ~154 MHz apart. Not a full-range curve.
[SWEEP] Testing:    13 frequencies -> 1237, 1395, 1545, 1702, 1852, 2010, 2167, 2317, 2475, 2625, 2782, 2932, 3090 MHz
[SWEEP] Workload:   C:\Users\Raymond\AppData\Local\Programs\Python\Python312\python.exe C:\Users\Raymond\Documents\headroom\tools\frequency-sweep\gpu_workload.py --workload bgemm64 --json --iterations 2661   (timed; duration is the performance metric)
[SWEEP] Estimated:  ~6.1 min of measurement (plus workload time if any)

[SWEEP] Configuration: AFTERBURNER PROFILE 1 = RUNG B (worklist 4e, REGISTERED-PREDICTIONS section 1): P5 with points at or below 840 mV raised ~+170 MHz, 720 mV at 1702 MHz; PL 111 (200 W), memory +2500. Applied by MSIAfterburner.exe -profile1 -q and VERIFIED LIVE by memory under load (16301 MHz) and power limit 200.00 W. Profile store SHA-256 110AA774D5FC4123, byte-identical to data/afterburner-profiles/5060ti-profiles-20260922-rungB. NVML offset 0. HWiNFO SensorInterval 500, driver 616.92, operator absent, driving agent silent. Iterations 2661 as 5060ti-stock-repro-20260922. Same session as the activity A/B test.

[SWEEP] Checking the GPU is quiet before starting...
[SWEEP] Video engines idle (encoder 0%, decoder 0%).
[SWEEP] Free VRAM 15471 MB - clear to start.
[SWEEP] Baseline utilisation 3.4% - clear to start.
[SWEEP] No interactive console - Ctrl+C interception unavailable. The finally block still resets clocks.
[SWEEP] NOTE: QuickEdit could not be disabled (likely no interactive console). If this window is interactive, DO NOT CLICK IN IT - a click freezes the run.
[SWEEP] --> locking 1237 MHz
[SWEEP]      1237 MHz -> achieved 1235.2 MHz (held),  75.93 W [19 in-window of 22], 44.8 C, util  96%
[SWEEP] --> locking 1395 MHz
[SWEEP]      1395 MHz -> achieved 1392.8 MHz (held),  77.56 W [18 in-window of 22], 44.9 C, util 95.6%
[SWEEP] --> locking 1545 MHz
[SWEEP]      1545 MHz -> achieved 1543.7 MHz (held),  80.39 W [18 in-window of 21], 45.4 C, util 95.4%
[SWEEP] --> locking 1702 MHz
[SWEEP]      1702 MHz -> achieved   1695 MHz (held),  82.56 W [16 in-window of 20], 45.8 C, util 90.6%
[SWEEP] --> locking 1852 MHz
[SWEEP]      1852 MHz -> achieved   1845 MHz (held),  89.16 W [15 in-window of 19], 46.7 C, util 93.1%
[SWEEP] --> locking 2010 MHz
[SWEEP]      2010 MHz -> achieved   2002 MHz (held), 103.65 W [14 in-window of 18], 48.9 C, util 93.6%
[SWEEP] --> locking 2167 MHz
[SWEEP]      2167 MHz -> achieved   2160 MHz (held), 109.74 W [14 in-window of 18], 49.9 C, util 92.5%
[SWEEP] --> locking 2317 MHz
[SWEEP]      2317 MHz -> achieved 2278.6 MHz (UNDERSHOT -38.4), 114.37 W [14 in-window of 18], 50.9 C, util 95.1%
[SWEEP] --> locking 2475 MHz
[SWEEP]      2475 MHz -> achieved 2421.1 MHz (UNDERSHOT -53.9), 111.53 W [14 in-window of 18], 51.2 C, util 92.5%
[SWEEP] --> locking 2625 MHz
[SWEEP]      2625 MHz -> achieved 2532.5 MHz (UNDERSHOT -92.5), 114.77 W [14 in-window of 18], 51.6 C, util 94.4%
[SWEEP] --> locking 2782 MHz
[SWEEP]      2782 MHz -> achieved 2740.6 MHz (UNDERSHOT -41.4), 113.91 W [14 in-window of 18],  52 C, util 92.4%
[SWEEP] --> locking 2932 MHz
[SWEEP]      2932 MHz -> achieved 2919.9 MHz (held),  127.8 W [14 in-window of 18], 53.5 C, util 93.9%
[SWEEP] --> locking 3090 MHz
[SWEEP]      3090 MHz -> achieved 3003.1 MHz (UNDERSHOT -86.9), 130.08 W [14 in-window of 18], 54.4 C, util 92.9%

[SWEEP] Resetting GPU clocks...
[SWEEP] Clocks reset. Card is now reporting 3015 MHz at idle/load.

[SWEEP] ===================== RESULT =====================
[SWEEP] Measured 13 of 13 planned frequencies.
[SWEEP] Configuration: AFTERBURNER PROFILE 1 = RUNG B (worklist 4e, REGISTERED-PREDICTIONS section 1): P5 with points at or below 840 mV raised ~+170 MHz, 720 mV at 1702 MHz; PL 111 (200 W), memory +2500. Applied by MSIAfterburner.exe -profile1 -q and VERIFIED LIVE by memory under load (16301 MHz) and power limit 200.00 W. Profile store SHA-256 110AA774D5FC4123, byte-identical to data/afterburner-profiles/5060ti-profiles-20260922-rungB. NVML offset 0. HWiNFO SensorInterval 500, driver 616.92, operator absent, driving agent silent. Iterations 2661 as 5060ti-stock-repro-20260922. Same session as the activity A/B test.
[SWEEP] NOTE: 5 point(s) ran BELOW their target by more than 30 MHz.
[SWEEP] The card could not sustain the requested clock - power or thermal limits. Expected
[SWEEP] at the top of the range, where max boost is a bin the card never actually holds.
[SWEEP] CSV:  C:\headroom-bench\results\20260923-102637_5060ti-rungB-suite-bgemm64\20260923-102654_5060ti-rungB-suite-bgemm64_sweep.csv
[SWEEP] JSON: C:\headroom-bench\results\20260923-102637_5060ti-rungB-suite-bgemm64\20260923-102654_5060ti-rungB-suite-bgemm64_sweep.json
[SWEEP] ==================================================

[SWEEP] Clock locks do NOT survive a reboot. If anything looks wrong with the card's
[SWEEP] clocks after this, reboot and it returns to stock.

---- HWiNFO log stop ----
Pressing 'Log Stop'...
  button now : 'Log Start'
  size       : 1028326 then 1028326 bytes
  rows       : 504

Logging stopped.

================ RESULT ================
  sweep exit    : 0
  elapsed       : 4.2 min (expected ~10)
  hwinfo log    : 1028326 bytes, 504 rows
  result file   : C:\headroom-bench\results\20260923-102637_5060ti-rungB-suite-bgemm64\wrapper-result.json

Run complete and both halves verified.
[10:31:02] exit 0 for bgemm64
[10:31:02] [7/12] bgemm128

================ PLAN ================
  label        : 5060ti-rungB-suite-bgemm128
  workload     : bgemm128
  band         : 1237-3090 MHz, 13 points
  iterations   : 2467
  output dir   : C:\headroom-bench\results\20260923-103102_5060ti-rungB-suite-bgemm128
  hwinfo log   : C:\headroom-bench\results\20260923-103102_5060ti-rungB-suite-bgemm128\5060ti-rungB-suite-bgemm128-hwinfo.csv
  expected     : ~10 min
  applied      : AFTERBURNER PROFILE 1 = RUNG B (worklist 4e, REGISTERED-PREDICTIONS section 1): P5 with points at or below 840 mV raised ~+170 MHz, 720 mV at 1702 MHz; PL 111 (200 W), memory +2500. Applied by MSIAfterburner.exe -profile1 -q and VERIFIED LIVE by memory under load (16301 MHz) and power limit 200.00 W. Profile store SHA-256 110AA774D5FC4123, byte-identical to data/afterburner-profiles/5060ti-profiles-20260922-rungB. NVML offset 0. HWiNFO SensorInterval 500, driver 616.92, operator absent, driving agent silent. Iterations 2467 as 5060ti-stock-repro-20260922. Same session as the activity A/B test.

---- preflight ----
  power limit : 200.00 W, 180.00 W
  pmon sm     : mean 1.2%, peak 2% across 4 sample(s)
  pmon        : idle enough to proceed

---- HWiNFO log start ----

Pressing 'Log Start' (async - it opens a modal dialog)...
Setting the filename, with the change notification the dialog needs...

  button now : 'Log Stop'
  file       : C:\headroom-bench\results\20260923-103102_5060ti-rungB-suite-bgemm128\5060ti-rungB-suite-bgemm128-hwinfo.csv
  size       : 22289 then 37968 bytes

Logging is running and the file is growing.

---- sweep ----
  workload cmd: C:\Users\Raymond\AppData\Local\Programs\Python\Python312\python.exe C:\Users\Raymond\Documents\headroom\tools\frequency-sweep\gpu_workload.py --workload bgemm128 --json --iterations 2467

[SWEEP] GPU:        NVIDIA GeForce RTX 5060 Ti (driver 616.92)
[SWEEP] Max clock:  3090 MHz | power limit 200.00 W enforced (180.00 W default, 200.00 W max)
[SWEEP] Supported:  389 discrete graphics clocks, 180-3090 MHz
[SWEEP] Sweep band:  1237-3090 MHz (explicit) - FINE sweep, ~154 MHz apart. Not a full-range curve.
[SWEEP] Testing:    13 frequencies -> 1237, 1395, 1545, 1702, 1852, 2010, 2167, 2317, 2475, 2625, 2782, 2932, 3090 MHz
[SWEEP] Workload:   C:\Users\Raymond\AppData\Local\Programs\Python\Python312\python.exe C:\Users\Raymond\Documents\headroom\tools\frequency-sweep\gpu_workload.py --workload bgemm128 --json --iterations 2467   (timed; duration is the performance metric)
[SWEEP] Estimated:  ~6.1 min of measurement (plus workload time if any)

[SWEEP] Configuration: AFTERBURNER PROFILE 1 = RUNG B (worklist 4e, REGISTERED-PREDICTIONS section 1): P5 with points at or below 840 mV raised ~+170 MHz, 720 mV at 1702 MHz; PL 111 (200 W), memory +2500. Applied by MSIAfterburner.exe -profile1 -q and VERIFIED LIVE by memory under load (16301 MHz) and power limit 200.00 W. Profile store SHA-256 110AA774D5FC4123, byte-identical to data/afterburner-profiles/5060ti-profiles-20260922-rungB. NVML offset 0. HWiNFO SensorInterval 500, driver 616.92, operator absent, driving agent silent. Iterations 2467 as 5060ti-stock-repro-20260922. Same session as the activity A/B test.

[SWEEP] Checking the GPU is quiet before starting...
[SWEEP] Video engines idle (encoder 0%, decoder 0%).
[SWEEP] Free VRAM 15471 MB - clear to start.
[SWEEP] Baseline utilisation 3% - clear to start.
[SWEEP] No interactive console - Ctrl+C interception unavailable. The finally block still resets clocks.
[SWEEP] NOTE: QuickEdit could not be disabled (likely no interactive console). If this window is interactive, DO NOT CLICK IN IT - a click freezes the run.
[SWEEP] --> locking 1237 MHz
[SWEEP]      1237 MHz -> achieved 1235.7 MHz (held),   64.5 W [32 in-window of 35], 44.8 C, util 94.1%
[SWEEP] --> locking 1395 MHz
[SWEEP]      1395 MHz -> achieved 1393.6 MHz (held),   69.7 W [28 in-window of 31], 45.4 C, util 93.3%
[SWEEP] --> locking 1545 MHz
[SWEEP]      1545 MHz -> achieved 1543.1 MHz (held),  76.14 W [25 in-window of 29], 46.3 C, util  97%
[SWEEP] --> locking 1702 MHz
[SWEEP]      1702 MHz -> achieved   1695 MHz (held),  79.46 W [22 in-window of 26], 46.7 C, util  95%
[SWEEP] --> locking 1852 MHz
[SWEEP]      1852 MHz -> achieved   1845 MHz (held),   87.8 W [20 in-window of 24], 48.1 C, util 92.4%
[SWEEP] --> locking 2010 MHz
[SWEEP]      2010 MHz -> achieved   2002 MHz (held), 102.25 W [19 in-window of 22], 50.5 C, util 94.3%
[SWEEP] --> locking 2167 MHz
[SWEEP]      2167 MHz -> achieved   2160 MHz (held), 118.17 W [17 in-window of 21], 52.6 C, util 94.8%
[SWEEP] --> locking 2317 MHz
[SWEEP]      2317 MHz -> achieved 2294.1 MHz (held), 126.68 W [17 in-window of 20], 54.4 C, util 95.8%
[SWEEP] --> locking 2475 MHz
[SWEEP]      2475 MHz -> achieved 2447.6 MHz (held), 130.56 W [16 in-window of 19], 55.4 C, util 93.3%
[SWEEP] --> locking 2625 MHz
[SWEEP]      2625 MHz -> achieved 2577.7 MHz (UNDERSHOT -47.3),  137.1 W [15 in-window of 18], 56.3 C, util 94.2%
[SWEEP] --> locking 2782 MHz
[SWEEP]      2782 MHz -> achieved 2751.4 MHz (UNDERSHOT -30.6), 138.23 W [14 in-window of 17], 57.3 C, util 91.7%
[SWEEP] --> locking 2932 MHz
[SWEEP]      2932 MHz -> achieved 2776.4 MHz (UNDERSHOT -155.6), 148.23 W [14 in-window of 17], 58.2 C, util 94.6%
[SWEEP] --> locking 3090 MHz
[SWEEP]      3090 MHz -> achieved 2796.3 MHz (UNDERSHOT -293.7), 144.23 W [14 in-window of 17], 58.2 C, util 92.4%

[SWEEP] Resetting GPU clocks...
[SWEEP] Clocks reset. Card is now reporting 3015 MHz at idle/load.

[SWEEP] ===================== RESULT =====================
[SWEEP] Measured 13 of 13 planned frequencies.
[SWEEP] Configuration: AFTERBURNER PROFILE 1 = RUNG B (worklist 4e, REGISTERED-PREDICTIONS section 1): P5 with points at or below 840 mV raised ~+170 MHz, 720 mV at 1702 MHz; PL 111 (200 W), memory +2500. Applied by MSIAfterburner.exe -profile1 -q and VERIFIED LIVE by memory under load (16301 MHz) and power limit 200.00 W. Profile store SHA-256 110AA774D5FC4123, byte-identical to data/afterburner-profiles/5060ti-profiles-20260922-rungB. NVML offset 0. HWiNFO SensorInterval 500, driver 616.92, operator absent, driving agent silent. Iterations 2467 as 5060ti-stock-repro-20260922. Same session as the activity A/B test.
[SWEEP] NOTE: 4 point(s) ran BELOW their target by more than 30 MHz.
[SWEEP] The card could not sustain the requested clock - power or thermal limits. Expected
[SWEEP] at the top of the range, where max boost is a bin the card never actually holds.
[SWEEP] CSV:  C:\headroom-bench\results\20260923-103102_5060ti-rungB-suite-bgemm128\20260923-103119_5060ti-rungB-suite-bgemm128_sweep.csv
[SWEEP] JSON: C:\headroom-bench\results\20260923-103102_5060ti-rungB-suite-bgemm128\20260923-103119_5060ti-rungB-suite-bgemm128_sweep.json
[SWEEP] ==================================================

[SWEEP] Clock locks do NOT survive a reboot. If anything looks wrong with the card's
[SWEEP] clocks after this, reboot and it returns to stock.

---- HWiNFO log stop ----
Pressing 'Log Stop'...
  button now : 'Log Start'
  size       : 1128888 then 1128888 bytes
  rows       : 554

Logging stopped.

================ RESULT ================
  sweep exit    : 0
  elapsed       : 4.7 min (expected ~10)
  hwinfo log    : 1128888 bytes, 554 rows
  result file   : C:\headroom-bench\results\20260923-103102_5060ti-rungB-suite-bgemm128\wrapper-result.json

Run complete and both halves verified.
[10:35:53] exit 0 for bgemm128
[10:35:53] [8/12] bgemm256

================ PLAN ================
  label        : 5060ti-rungB-suite-bgemm256
  workload     : bgemm256
  band         : 1237-3090 MHz, 13 points
  iterations   : 1579
  output dir   : C:\headroom-bench\results\20260923-103553_5060ti-rungB-suite-bgemm256
  hwinfo log   : C:\headroom-bench\results\20260923-103553_5060ti-rungB-suite-bgemm256\5060ti-rungB-suite-bgemm256-hwinfo.csv
  expected     : ~10 min
  applied      : AFTERBURNER PROFILE 1 = RUNG B (worklist 4e, REGISTERED-PREDICTIONS section 1): P5 with points at or below 840 mV raised ~+170 MHz, 720 mV at 1702 MHz; PL 111 (200 W), memory +2500. Applied by MSIAfterburner.exe -profile1 -q and VERIFIED LIVE by memory under load (16301 MHz) and power limit 200.00 W. Profile store SHA-256 110AA774D5FC4123, byte-identical to data/afterburner-profiles/5060ti-profiles-20260922-rungB. NVML offset 0. HWiNFO SensorInterval 500, driver 616.92, operator absent, driving agent silent. Iterations 1579 as 5060ti-stock-repro-20260922. Same session as the activity A/B test.

---- preflight ----
  power limit : 200.00 W, 180.00 W
  pmon sm     : mean 1.5%, peak 4% across 4 sample(s)
  pmon        : idle enough to proceed

---- HWiNFO log start ----

Pressing 'Log Start' (async - it opens a modal dialog)...
Setting the filename, with the change notification the dialog needs...

  button now : 'Log Stop'
  file       : C:\headroom-bench\results\20260923-103553_5060ti-rungB-suite-bgemm256\5060ti-rungB-suite-bgemm256-hwinfo.csv
  size       : 24271 then 39865 bytes

Logging is running and the file is growing.

---- sweep ----
  workload cmd: C:\Users\Raymond\AppData\Local\Programs\Python\Python312\python.exe C:\Users\Raymond\Documents\headroom\tools\frequency-sweep\gpu_workload.py --workload bgemm256 --json --iterations 1579

[SWEEP] GPU:        NVIDIA GeForce RTX 5060 Ti (driver 616.92)
[SWEEP] Max clock:  3090 MHz | power limit 200.00 W enforced (180.00 W default, 200.00 W max)
[SWEEP] Supported:  389 discrete graphics clocks, 180-3090 MHz
[SWEEP] Sweep band:  1237-3090 MHz (explicit) - FINE sweep, ~154 MHz apart. Not a full-range curve.
[SWEEP] Testing:    13 frequencies -> 1237, 1395, 1545, 1702, 1852, 2010, 2167, 2317, 2475, 2625, 2782, 2932, 3090 MHz
[SWEEP] Workload:   C:\Users\Raymond\AppData\Local\Programs\Python\Python312\python.exe C:\Users\Raymond\Documents\headroom\tools\frequency-sweep\gpu_workload.py --workload bgemm256 --json --iterations 1579   (timed; duration is the performance metric)
[SWEEP] Estimated:  ~6.1 min of measurement (plus workload time if any)

[SWEEP] Configuration: AFTERBURNER PROFILE 1 = RUNG B (worklist 4e, REGISTERED-PREDICTIONS section 1): P5 with points at or below 840 mV raised ~+170 MHz, 720 mV at 1702 MHz; PL 111 (200 W), memory +2500. Applied by MSIAfterburner.exe -profile1 -q and VERIFIED LIVE by memory under load (16301 MHz) and power limit 200.00 W. Profile store SHA-256 110AA774D5FC4123, byte-identical to data/afterburner-profiles/5060ti-profiles-20260922-rungB. NVML offset 0. HWiNFO SensorInterval 500, driver 616.92, operator absent, driving agent silent. Iterations 1579 as 5060ti-stock-repro-20260922. Same session as the activity A/B test.

[SWEEP] Checking the GPU is quiet before starting...
[SWEEP] Video engines idle (encoder 0%, decoder 0%).
[SWEEP] Free VRAM 15471 MB - clear to start.
[SWEEP] Baseline utilisation 2.4% - clear to start.
[SWEEP] No interactive console - Ctrl+C interception unavailable. The finally block still resets clocks.
[SWEEP] NOTE: QuickEdit could not be disabled (likely no interactive console). If this window is interactive, DO NOT CLICK IN IT - a click freezes the run.
[SWEEP] --> locking 1237 MHz
[SWEEP]      1237 MHz -> achieved 1235.5 MHz (held),  59.83 W [38 in-window of 42], 45.4 C, util 95.1%
[SWEEP] --> locking 1395 MHz
[SWEEP]      1395 MHz -> achieved 1393.1 MHz (held),  66.02 W [34 in-window of 37], 45.8 C, util 94.9%
[SWEEP] --> locking 1545 MHz
[SWEEP]      1545 MHz -> achieved 1542.9 MHz (held),  70.71 W [30 in-window of 34], 46.4 C, util 95.4%
[SWEEP] --> locking 1702 MHz
[SWEEP]      1702 MHz -> achieved   1695 MHz (held),  73.89 W [27 in-window of 31],  47 C, util 94.9%
[SWEEP] --> locking 1852 MHz
[SWEEP]      1852 MHz -> achieved   1845 MHz (held),   83.6 W [25 in-window of 29], 48.4 C, util 96.5%
[SWEEP] --> locking 2010 MHz
[SWEEP]      2010 MHz -> achieved   2002 MHz (held),   97.6 W [23 in-window of 26], 50.3 C, util 92.3%
[SWEEP] --> locking 2167 MHz
[SWEEP]      2167 MHz -> achieved   2160 MHz (held), 110.42 W [21 in-window of 25], 52.6 C, util 91.1%
[SWEEP] --> locking 2317 MHz
[SWEEP]      2317 MHz -> achieved 2300.2 MHz (held), 117.65 W [20 in-window of 24], 54.2 C, util 92.4%
[SWEEP] --> locking 2475 MHz
[SWEEP]      2475 MHz -> achieved   2455 MHz (held), 125.18 W [19 in-window of 22], 55.5 C, util 93.9%
[SWEEP] --> locking 2625 MHz
[SWEEP]      2625 MHz -> achieved 2587.6 MHz (UNDERSHOT -37.4), 130.24 W [18 in-window of 21], 56.5 C, util 94.1%
[SWEEP] --> locking 2782 MHz
[SWEEP]      2782 MHz -> achieved 2765.3 MHz (held), 141.11 W [17 in-window of 20], 58.4 C, util 95.2%
[SWEEP] --> locking 2932 MHz
[SWEEP]      2932 MHz -> achieved 2920.2 MHz (held), 161.15 W [15 in-window of 19], 60.5 C, util 89.2%
[SWEEP] --> locking 3090 MHz
[SWEEP]      3090 MHz -> achieved 2966.7 MHz (UNDERSHOT -123.3), 165.68 W [15 in-window of 19], 62.2 C, util 92.7%

[SWEEP] Resetting GPU clocks...
[SWEEP] Clocks reset. Card is now reporting 3015 MHz at idle/load.

[SWEEP] ===================== RESULT =====================
[SWEEP] Measured 13 of 13 planned frequencies.
[SWEEP] Configuration: AFTERBURNER PROFILE 1 = RUNG B (worklist 4e, REGISTERED-PREDICTIONS section 1): P5 with points at or below 840 mV raised ~+170 MHz, 720 mV at 1702 MHz; PL 111 (200 W), memory +2500. Applied by MSIAfterburner.exe -profile1 -q and VERIFIED LIVE by memory under load (16301 MHz) and power limit 200.00 W. Profile store SHA-256 110AA774D5FC4123, byte-identical to data/afterburner-profiles/5060ti-profiles-20260922-rungB. NVML offset 0. HWiNFO SensorInterval 500, driver 616.92, operator absent, driving agent silent. Iterations 1579 as 5060ti-stock-repro-20260922. Same session as the activity A/B test.
[SWEEP] NOTE: 2 point(s) ran BELOW their target by more than 30 MHz.
[SWEEP] The card could not sustain the requested clock - power or thermal limits. Expected
[SWEEP] at the top of the range, where max boost is a bin the card never actually holds.
[SWEEP] CSV:  C:\headroom-bench\results\20260923-103553_5060ti-rungB-suite-bgemm256\20260923-103610_5060ti-rungB-suite-bgemm256_sweep.csv
[SWEEP] JSON: C:\headroom-bench\results\20260923-103553_5060ti-rungB-suite-bgemm256\20260923-103610_5060ti-rungB-suite-bgemm256_sweep.json
[SWEEP] ==================================================

[SWEEP] Clock locks do NOT survive a reboot. If anything looks wrong with the card's
[SWEEP] clocks after this, reboot and it returns to stock.

---- HWiNFO log stop ----
Pressing 'Log Stop'...
  button now : 'Log Start'
  size       : 1245712 then 1245712 bytes
  rows       : 613

Logging stopped.

================ RESULT ================
  sweep exit    : 0
  elapsed       : 5.1 min (expected ~10)
  hwinfo log    : 1245712 bytes, 613 rows
  result file   : C:\headroom-bench\results\20260923-103553_5060ti-rungB-suite-bgemm256\wrapper-result.json

Run complete and both halves verified.
[10:41:13] exit 0 for bgemm256
[10:41:13] [9/12] bgemm1024

================ PLAN ================
  label        : 5060ti-rungB-suite-bgemm1024
  workload     : bgemm1024
  band         : 1237-3090 MHz, 13 points
  iterations   : 414
  output dir   : C:\headroom-bench\results\20260923-104113_5060ti-rungB-suite-bgemm1024
  hwinfo log   : C:\headroom-bench\results\20260923-104113_5060ti-rungB-suite-bgemm1024\5060ti-rungB-suite-bgemm1024-hwinfo.csv
  expected     : ~10 min
  applied      : AFTERBURNER PROFILE 1 = RUNG B (worklist 4e, REGISTERED-PREDICTIONS section 1): P5 with points at or below 840 mV raised ~+170 MHz, 720 mV at 1702 MHz; PL 111 (200 W), memory +2500. Applied by MSIAfterburner.exe -profile1 -q and VERIFIED LIVE by memory under load (16301 MHz) and power limit 200.00 W. Profile store SHA-256 110AA774D5FC4123, byte-identical to data/afterburner-profiles/5060ti-profiles-20260922-rungB. NVML offset 0. HWiNFO SensorInterval 500, driver 616.92, operator absent, driving agent silent. Iterations 414 as 5060ti-stock-repro-20260922. Same session as the activity A/B test.

---- preflight ----
  power limit : 200.00 W, 180.00 W
  pmon sm     : mean 2%, peak 3% across 4 sample(s)
  pmon        : idle enough to proceed

---- HWiNFO log start ----

Pressing 'Log Start' (async - it opens a modal dialog)...
Setting the filename, with the change notification the dialog needs...

  button now : 'Log Stop'
  file       : C:\headroom-bench\results\20260923-104113_5060ti-rungB-suite-bgemm1024\5060ti-rungB-suite-bgemm1024-hwinfo.csv
  size       : 24255 then 39880 bytes

Logging is running and the file is growing.

---- sweep ----
  workload cmd: C:\Users\Raymond\AppData\Local\Programs\Python\Python312\python.exe C:\Users\Raymond\Documents\headroom\tools\frequency-sweep\gpu_workload.py --workload bgemm1024 --json --iterations 414

[SWEEP] GPU:        NVIDIA GeForce RTX 5060 Ti (driver 616.92)
[SWEEP] Max clock:  3090 MHz | power limit 200.00 W enforced (180.00 W default, 200.00 W max)
[SWEEP] Supported:  389 discrete graphics clocks, 180-3090 MHz
[SWEEP] Sweep band:  1237-3090 MHz (explicit) - FINE sweep, ~154 MHz apart. Not a full-range curve.
[SWEEP] Testing:    13 frequencies -> 1237, 1395, 1545, 1702, 1852, 2010, 2167, 2317, 2475, 2625, 2782, 2932, 3090 MHz
[SWEEP] Workload:   C:\Users\Raymond\AppData\Local\Programs\Python\Python312\python.exe C:\Users\Raymond\Documents\headroom\tools\frequency-sweep\gpu_workload.py --workload bgemm1024 --json --iterations 414   (timed; duration is the performance metric)
[SWEEP] Estimated:  ~6.1 min of measurement (plus workload time if any)

[SWEEP] Configuration: AFTERBURNER PROFILE 1 = RUNG B (worklist 4e, REGISTERED-PREDICTIONS section 1): P5 with points at or below 840 mV raised ~+170 MHz, 720 mV at 1702 MHz; PL 111 (200 W), memory +2500. Applied by MSIAfterburner.exe -profile1 -q and VERIFIED LIVE by memory under load (16301 MHz) and power limit 200.00 W. Profile store SHA-256 110AA774D5FC4123, byte-identical to data/afterburner-profiles/5060ti-profiles-20260922-rungB. NVML offset 0. HWiNFO SensorInterval 500, driver 616.92, operator absent, driving agent silent. Iterations 414 as 5060ti-stock-repro-20260922. Same session as the activity A/B test.

[SWEEP] Checking the GPU is quiet before starting...
[SWEEP] Video engines idle (encoder 0%, decoder 0%).
[SWEEP] Free VRAM 15471 MB - clear to start.
[SWEEP] Baseline utilisation 4.2% - clear to start.
[SWEEP] No interactive console - Ctrl+C interception unavailable. The finally block still resets clocks.
[SWEEP] NOTE: QuickEdit could not be disabled (likely no interactive console). If this window is interactive, DO NOT CLICK IN IT - a click freezes the run.
[SWEEP] --> locking 1237 MHz
[SWEEP]      1237 MHz -> achieved 1236.2 MHz (held),  50.78 W [37 in-window of 42], 45.7 C, util 96.7%
[SWEEP] --> locking 1395 MHz
[SWEEP]      1395 MHz -> achieved 1393.5 MHz (held),  54.73 W [33 in-window of 38], 45.7 C, util 97.7%
[SWEEP] --> locking 1545 MHz
[SWEEP]      1545 MHz -> achieved 1543.2 MHz (held),  57.73 W [31 in-window of 34], 45.6 C, util 93.1%
[SWEEP] --> locking 1702 MHz
[SWEEP]      1702 MHz -> achieved   1695 MHz (held),  62.71 W [28 in-window of 31], 46.1 C, util 95.6%
[SWEEP] --> locking 1852 MHz
[SWEEP]      1852 MHz -> achieved   1845 MHz (held),  69.66 W [25 in-window of 29],  47 C, util 94.1%
[SWEEP] --> locking 2010 MHz
[SWEEP]      2010 MHz -> achieved   2002 MHz (held),  84.88 W [23 in-window of 27], 49.1 C, util 94.8%
[SWEEP] --> locking 2167 MHz
[SWEEP]      2167 MHz -> achieved   2160 MHz (held),  97.18 W [21 in-window of 25], 51.3 C, util 94.6%
[SWEEP] --> locking 2317 MHz
[SWEEP]      2317 MHz -> achieved 2304.4 MHz (held), 102.23 W [20 in-window of 24], 52.6 C, util 92.7%
[SWEEP] --> locking 2475 MHz
[SWEEP]      2475 MHz -> achieved 2462.9 MHz (held), 108.41 W [19 in-window of 22], 53.7 C, util 91.8%
[SWEEP] --> locking 2625 MHz
[SWEEP]      2625 MHz -> achieved 2605.1 MHz (held), 113.33 W [18 in-window of 21], 54.4 C, util 92.2%
[SWEEP] --> locking 2782 MHz
[SWEEP]      2782 MHz -> achieved   2775 MHz (held), 123.08 W [17 in-window of 20], 56.2 C, util  93%
[SWEEP] --> locking 2932 MHz
[SWEEP]      2932 MHz -> achieved   2925 MHz (held), 144.63 W [16 in-window of 19], 59.8 C, util 99.1%
[SWEEP] --> locking 3090 MHz
[SWEEP]      3090 MHz -> achieved 2993.7 MHz (UNDERSHOT -96.3), 151.66 W [15 in-window of 19], 60.7 C, util 90.3%

[SWEEP] Resetting GPU clocks...
[SWEEP] Clocks reset. Card is now reporting 3015 MHz at idle/load.

[SWEEP] ===================== RESULT =====================
[SWEEP] Measured 13 of 13 planned frequencies.
[SWEEP] Configuration: AFTERBURNER PROFILE 1 = RUNG B (worklist 4e, REGISTERED-PREDICTIONS section 1): P5 with points at or below 840 mV raised ~+170 MHz, 720 mV at 1702 MHz; PL 111 (200 W), memory +2500. Applied by MSIAfterburner.exe -profile1 -q and VERIFIED LIVE by memory under load (16301 MHz) and power limit 200.00 W. Profile store SHA-256 110AA774D5FC4123, byte-identical to data/afterburner-profiles/5060ti-profiles-20260922-rungB. NVML offset 0. HWiNFO SensorInterval 500, driver 616.92, operator absent, driving agent silent. Iterations 414 as 5060ti-stock-repro-20260922. Same session as the activity A/B test.
[SWEEP] NOTE: 1 point(s) ran BELOW their target by more than 30 MHz.
[SWEEP] The card could not sustain the requested clock - power or thermal limits. Expected
[SWEEP] at the top of the range, where max boost is a bin the card never actually holds.
[SWEEP] CSV:  C:\headroom-bench\results\20260923-104113_5060ti-rungB-suite-bgemm1024\20260923-104130_5060ti-rungB-suite-bgemm1024_sweep.csv
[SWEEP] JSON: C:\headroom-bench\results\20260923-104113_5060ti-rungB-suite-bgemm1024\20260923-104130_5060ti-rungB-suite-bgemm1024_sweep.json
[SWEEP] ==================================================

[SWEEP] Clock locks do NOT survive a reboot. If anything looks wrong with the card's
[SWEEP] clocks after this, reboot and it returns to stock.

---- HWiNFO log stop ----
Pressing 'Log Stop'...
  button now : 'Log Start'
  size       : 1248377 then 1248377 bytes
  rows       : 614

Logging stopped.

================ RESULT ================
  sweep exit    : 0
  elapsed       : 5.2 min (expected ~10)
  hwinfo log    : 1248377 bytes, 614 rows
  result file   : C:\headroom-bench\results\20260923-104113_5060ti-rungB-suite-bgemm1024\wrapper-result.json

Run complete and both halves verified.
[10:46:34] exit 0 for bgemm1024
[10:46:34] [10/12] attention

================ PLAN ================
  label        : 5060ti-rungB-suite-attention
  workload     : attention
  band         : 1237-3090 MHz, 13 points
  iterations   : 147
  output dir   : C:\headroom-bench\results\20260923-104634_5060ti-rungB-suite-attention
  hwinfo log   : C:\headroom-bench\results\20260923-104634_5060ti-rungB-suite-attention\5060ti-rungB-suite-attention-hwinfo.csv
  expected     : ~10 min
  applied      : AFTERBURNER PROFILE 1 = RUNG B (worklist 4e, REGISTERED-PREDICTIONS section 1): P5 with points at or below 840 mV raised ~+170 MHz, 720 mV at 1702 MHz; PL 111 (200 W), memory +2500. Applied by MSIAfterburner.exe -profile1 -q and VERIFIED LIVE by memory under load (16301 MHz) and power limit 200.00 W. Profile store SHA-256 110AA774D5FC4123, byte-identical to data/afterburner-profiles/5060ti-profiles-20260922-rungB. NVML offset 0. HWiNFO SensorInterval 500, driver 616.92, operator absent, driving agent silent. Iterations 147 as 5060ti-stock-repro-20260922. Same session as the activity A/B test.

---- preflight ----
  power limit : 200.00 W, 180.00 W
  pmon sm     : mean 1.8%, peak 2% across 4 sample(s)
  pmon        : idle enough to proceed

---- HWiNFO log start ----

Pressing 'Log Start' (async - it opens a modal dialog)...
Setting the filename, with the change notification the dialog needs...

  button now : 'Log Stop'
  file       : C:\headroom-bench\results\20260923-104634_5060ti-rungB-suite-attention\5060ti-rungB-suite-attention-hwinfo.csv
  size       : 24300 then 39936 bytes

Logging is running and the file is growing.

---- sweep ----
  workload cmd: C:\Users\Raymond\AppData\Local\Programs\Python\Python312\python.exe C:\Users\Raymond\Documents\headroom\tools\frequency-sweep\gpu_workload.py --workload attention --json --iterations 147

[SWEEP] GPU:        NVIDIA GeForce RTX 5060 Ti (driver 616.92)
[SWEEP] Max clock:  3090 MHz | power limit 200.00 W enforced (180.00 W default, 200.00 W max)
[SWEEP] Supported:  389 discrete graphics clocks, 180-3090 MHz
[SWEEP] Sweep band:  1237-3090 MHz (explicit) - FINE sweep, ~154 MHz apart. Not a full-range curve.
[SWEEP] Testing:    13 frequencies -> 1237, 1395, 1545, 1702, 1852, 2010, 2167, 2317, 2475, 2625, 2782, 2932, 3090 MHz
[SWEEP] Workload:   C:\Users\Raymond\AppData\Local\Programs\Python\Python312\python.exe C:\Users\Raymond\Documents\headroom\tools\frequency-sweep\gpu_workload.py --workload attention --json --iterations 147   (timed; duration is the performance metric)
[SWEEP] Estimated:  ~6.1 min of measurement (plus workload time if any)

[SWEEP] Configuration: AFTERBURNER PROFILE 1 = RUNG B (worklist 4e, REGISTERED-PREDICTIONS section 1): P5 with points at or below 840 mV raised ~+170 MHz, 720 mV at 1702 MHz; PL 111 (200 W), memory +2500. Applied by MSIAfterburner.exe -profile1 -q and VERIFIED LIVE by memory under load (16301 MHz) and power limit 200.00 W. Profile store SHA-256 110AA774D5FC4123, byte-identical to data/afterburner-profiles/5060ti-profiles-20260922-rungB. NVML offset 0. HWiNFO SensorInterval 500, driver 616.92, operator absent, driving agent silent. Iterations 147 as 5060ti-stock-repro-20260922. Same session as the activity A/B test.

[SWEEP] Checking the GPU is quiet before starting...
[SWEEP] Video engines idle (encoder 0%, decoder 0%).
[SWEEP] Free VRAM 15471 MB - clear to start.
[SWEEP] Baseline utilisation 4% - clear to start.
[SWEEP] No interactive console - Ctrl+C interception unavailable. The finally block still resets clocks.
[SWEEP] NOTE: QuickEdit could not be disabled (likely no interactive console). If this window is interactive, DO NOT CLICK IN IT - a click freezes the run.
[SWEEP] --> locking 1237 MHz
[SWEEP]      1237 MHz -> achieved 1235.5 MHz (held),  35.17 W [37 in-window of 42], 42.6 C, util 98.1%
[SWEEP] --> locking 1395 MHz
[SWEEP]      1395 MHz -> achieved 1393.5 MHz (held),  37.43 W [33 in-window of 38], 41.9 C, util 98.3%
[SWEEP] --> locking 1545 MHz
[SWEEP]      1545 MHz -> achieved 1543.7 MHz (held),  39.42 W [30 in-window of 34], 41.6 C, util 96.7%
[SWEEP] --> locking 1702 MHz
[SWEEP]      1702 MHz -> achieved   1695 MHz (held),  41.56 W [27 in-window of 31], 41.6 C, util 98.3%
[SWEEP] --> locking 1852 MHz
[SWEEP]      1852 MHz -> achieved   1845 MHz (held),  46.54 W [24 in-window of 29], 42.2 C, util 98.9%
[SWEEP] --> locking 2010 MHz
[SWEEP]      2010 MHz -> achieved   2002 MHz (held),  56.03 W [22 in-window of 27], 43.6 C, util 97.6%
[SWEEP] --> locking 2167 MHz
[SWEEP]      2167 MHz -> achieved   2160 MHz (held),  64.49 W [20 in-window of 25], 45.3 C, util 95.9%
[SWEEP] --> locking 2317 MHz
[SWEEP]      2317 MHz -> achieved   2295 MHz (held),   66.4 W [19 in-window of 24], 45.9 C, util 98.9%
[SWEEP] --> locking 2475 MHz
[SWEEP]      2475 MHz -> achieved 2452.4 MHz (held),  70.51 W [18 in-window of 22], 46.6 C, util 97.7%
[SWEEP] --> locking 2625 MHz
[SWEEP]      2625 MHz -> achieved 2583.8 MHz (UNDERSHOT -41.2),  75.13 W [17 in-window of 22], 47.5 C, util 99.4%
[SWEEP] --> locking 2782 MHz
[SWEEP]      2782 MHz -> achieved   2775 MHz (held),  81.06 W [16 in-window of 20], 48.6 C, util 99.4%
[SWEEP] --> locking 2932 MHz
[SWEEP]      2932 MHz -> achieved   2925 MHz (held),   89.8 W [15 in-window of 19], 50.5 C, util 99.1%
[SWEEP] --> locking 3090 MHz
[SWEEP]      3090 MHz -> achieved 3015.5 MHz (UNDERSHOT -74.5),  95.15 W [15 in-window of 19], 51.5 C, util 99.3%

[SWEEP] Resetting GPU clocks...
[SWEEP] Clocks reset. Card is now reporting 3022 MHz at idle/load.

[SWEEP] ===================== RESULT =====================
[SWEEP] Measured 13 of 13 planned frequencies.
[SWEEP] Configuration: AFTERBURNER PROFILE 1 = RUNG B (worklist 4e, REGISTERED-PREDICTIONS section 1): P5 with points at or below 840 mV raised ~+170 MHz, 720 mV at 1702 MHz; PL 111 (200 W), memory +2500. Applied by MSIAfterburner.exe -profile1 -q and VERIFIED LIVE by memory under load (16301 MHz) and power limit 200.00 W. Profile store SHA-256 110AA774D5FC4123, byte-identical to data/afterburner-profiles/5060ti-profiles-20260922-rungB. NVML offset 0. HWiNFO SensorInterval 500, driver 616.92, operator absent, driving agent silent. Iterations 147 as 5060ti-stock-repro-20260922. Same session as the activity A/B test.
[SWEEP] NOTE: 2 point(s) ran BELOW their target by more than 30 MHz.
[SWEEP] The card could not sustain the requested clock - power or thermal limits. Expected
[SWEEP] at the top of the range, where max boost is a bin the card never actually holds.
[SWEEP] CSV:  C:\headroom-bench\results\20260923-104634_5060ti-rungB-suite-attention\20260923-104651_5060ti-rungB-suite-attention_sweep.csv
[SWEEP] JSON: C:\headroom-bench\results\20260923-104634_5060ti-rungB-suite-attention\20260923-104651_5060ti-rungB-suite-attention_sweep.json
[SWEEP] ==================================================

[SWEEP] Clock locks do NOT survive a reboot. If anything looks wrong with the card's
[SWEEP] clocks after this, reboot and it returns to stock.

---- HWiNFO log stop ----
Pressing 'Log Stop'...
  button now : 'Log Start'
  size       : 1249161 then 1249161 bytes
  rows       : 615

Logging stopped.

================ RESULT ================
  sweep exit    : 0
  elapsed       : 5.2 min (expected ~10)
  hwinfo log    : 1249161 bytes, 615 rows
  result file   : C:\headroom-bench\results\20260923-104634_5060ti-rungB-suite-attention\wrapper-result.json

Run complete and both halves verified.
[10:51:55] exit 0 for attention
[10:51:55] [11/12] conv

================ PLAN ================
  label        : 5060ti-rungB-suite-conv
  workload     : conv
  band         : 1237-3090 MHz, 13 points
  iterations   : 151
  output dir   : C:\headroom-bench\results\20260923-105155_5060ti-rungB-suite-conv
  hwinfo log   : C:\headroom-bench\results\20260923-105155_5060ti-rungB-suite-conv\5060ti-rungB-suite-conv-hwinfo.csv
  expected     : ~10 min
  applied      : AFTERBURNER PROFILE 1 = RUNG B (worklist 4e, REGISTERED-PREDICTIONS section 1): P5 with points at or below 840 mV raised ~+170 MHz, 720 mV at 1702 MHz; PL 111 (200 W), memory +2500. Applied by MSIAfterburner.exe -profile1 -q and VERIFIED LIVE by memory under load (16301 MHz) and power limit 200.00 W. Profile store SHA-256 110AA774D5FC4123, byte-identical to data/afterburner-profiles/5060ti-profiles-20260922-rungB. NVML offset 0. HWiNFO SensorInterval 500, driver 616.92, operator absent, driving agent silent. Iterations 151 as 5060ti-stock-repro-20260922. Same session as the activity A/B test.

---- preflight ----
  power limit : 200.00 W, 180.00 W
  pmon sm     : mean 0.8%, peak 1% across 4 sample(s)
  pmon        : idle enough to proceed

---- HWiNFO log start ----

Pressing 'Log Start' (async - it opens a modal dialog)...
Setting the filename, with the change notification the dialog needs...

  button now : 'Log Stop'
  file       : C:\headroom-bench\results\20260923-105155_5060ti-rungB-suite-conv\5060ti-rungB-suite-conv-hwinfo.csv
  size       : 24287 then 39914 bytes

Logging is running and the file is growing.

---- sweep ----
  workload cmd: C:\Users\Raymond\AppData\Local\Programs\Python\Python312\python.exe C:\Users\Raymond\Documents\headroom\tools\frequency-sweep\gpu_workload.py --workload conv --json --iterations 151

[SWEEP] GPU:        NVIDIA GeForce RTX 5060 Ti (driver 616.92)
[SWEEP] Max clock:  3090 MHz | power limit 200.00 W enforced (180.00 W default, 200.00 W max)
[SWEEP] Supported:  389 discrete graphics clocks, 180-3090 MHz
[SWEEP] Sweep band:  1237-3090 MHz (explicit) - FINE sweep, ~154 MHz apart. Not a full-range curve.
[SWEEP] Testing:    13 frequencies -> 1237, 1395, 1545, 1702, 1852, 2010, 2167, 2317, 2475, 2625, 2782, 2932, 3090 MHz
[SWEEP] Workload:   C:\Users\Raymond\AppData\Local\Programs\Python\Python312\python.exe C:\Users\Raymond\Documents\headroom\tools\frequency-sweep\gpu_workload.py --workload conv --json --iterations 151   (timed; duration is the performance metric)
[SWEEP] Estimated:  ~6.1 min of measurement (plus workload time if any)

[SWEEP] Configuration: AFTERBURNER PROFILE 1 = RUNG B (worklist 4e, REGISTERED-PREDICTIONS section 1): P5 with points at or below 840 mV raised ~+170 MHz, 720 mV at 1702 MHz; PL 111 (200 W), memory +2500. Applied by MSIAfterburner.exe -profile1 -q and VERIFIED LIVE by memory under load (16301 MHz) and power limit 200.00 W. Profile store SHA-256 110AA774D5FC4123, byte-identical to data/afterburner-profiles/5060ti-profiles-20260922-rungB. NVML offset 0. HWiNFO SensorInterval 500, driver 616.92, operator absent, driving agent silent. Iterations 151 as 5060ti-stock-repro-20260922. Same session as the activity A/B test.

[SWEEP] Checking the GPU is quiet before starting...
[SWEEP] Video engines idle (encoder 0%, decoder 0%).
[SWEEP] Free VRAM 15471 MB - clear to start.
[SWEEP] Baseline utilisation 2.8% - clear to start.
[SWEEP] No interactive console - Ctrl+C interception unavailable. The finally block still resets clocks.
[SWEEP] NOTE: QuickEdit could not be disabled (likely no interactive console). If this window is interactive, DO NOT CLICK IN IT - a click freezes the run.
[SWEEP] --> locking 1237 MHz
[SWEEP]      1237 MHz -> achieved 1236.1 MHz (held),  42.22 W [38 in-window of 43],  41 C, util  97%
[SWEEP] --> locking 1395 MHz
[SWEEP]      1395 MHz -> achieved 1393.4 MHz (held),  45.47 W [34 in-window of 39], 41.5 C, util 98.7%
[SWEEP] --> locking 1545 MHz
[SWEEP]      1545 MHz -> achieved 1542.9 MHz (held),  48.61 W [30 in-window of 35], 41.9 C, util 98.1%
[SWEEP] --> locking 1702 MHz
[SWEEP]      1702 MHz -> achieved   1695 MHz (held),  53.45 W [27 in-window of 32], 42.6 C, util 98.3%
[SWEEP] --> locking 1852 MHz
[SWEEP]      1852 MHz -> achieved   1845 MHz (held),  61.12 W [25 in-window of 30], 44.4 C, util 97.4%
[SWEEP] --> locking 2010 MHz
[SWEEP]      2010 MHz -> achieved   2002 MHz (held),  72.74 W [22 in-window of 27], 48.3 C, util  98%
[SWEEP] --> locking 2167 MHz
[SWEEP]      2167 MHz -> achieved   2160 MHz (held),  86.91 W [21 in-window of 25], 52.1 C, util 96.5%
[SWEEP] --> locking 2317 MHz
[SWEEP]      2317 MHz -> achieved 2303.2 MHz (held),  91.81 W [20 in-window of 24], 52.3 C, util 97.4%
[SWEEP] --> locking 2475 MHz
[SWEEP]      2475 MHz -> achieved 2461.2 MHz (held),   98.7 W [18 in-window of 23], 52.9 C, util 98.8%
[SWEEP] --> locking 2625 MHz
[SWEEP]      2625 MHz -> achieved 2602.5 MHz (held), 102.18 W [17 in-window of 22], 53.2 C, util 96.3%
[SWEEP] --> locking 2782 MHz
[SWEEP]      2782 MHz -> achieved   2775 MHz (held), 109.69 W [16 in-window of 21],  54 C, util 95.1%
[SWEEP] --> locking 2932 MHz
[SWEEP]      2932 MHz -> achieved   2925 MHz (held), 121.23 W [15 in-window of 20], 56.6 C, util  97%
[SWEEP] --> locking 3090 MHz
[SWEEP]      3090 MHz -> achieved 3006.9 MHz (UNDERSHOT -83.1), 134.08 W [15 in-window of 19], 57.7 C, util 96.7%

[SWEEP] Resetting GPU clocks...
[SWEEP] Clocks reset. Card is now reporting 3015 MHz at idle/load.

[SWEEP] ===================== RESULT =====================
[SWEEP] Measured 13 of 13 planned frequencies.
[SWEEP] Configuration: AFTERBURNER PROFILE 1 = RUNG B (worklist 4e, REGISTERED-PREDICTIONS section 1): P5 with points at or below 840 mV raised ~+170 MHz, 720 mV at 1702 MHz; PL 111 (200 W), memory +2500. Applied by MSIAfterburner.exe -profile1 -q and VERIFIED LIVE by memory under load (16301 MHz) and power limit 200.00 W. Profile store SHA-256 110AA774D5FC4123, byte-identical to data/afterburner-profiles/5060ti-profiles-20260922-rungB. NVML offset 0. HWiNFO SensorInterval 500, driver 616.92, operator absent, driving agent silent. Iterations 151 as 5060ti-stock-repro-20260922. Same session as the activity A/B test.
[SWEEP] NOTE: 1 point(s) ran BELOW their target by more than 30 MHz.
[SWEEP] The card could not sustain the requested clock - power or thermal limits. Expected
[SWEEP] at the top of the range, where max boost is a bin the card never actually holds.
[SWEEP] CSV:  C:\headroom-bench\results\20260923-105155_5060ti-rungB-suite-conv\20260923-105212_5060ti-rungB-suite-conv_sweep.csv
[SWEEP] JSON: C:\headroom-bench\results\20260923-105155_5060ti-rungB-suite-conv\20260923-105212_5060ti-rungB-suite-conv_sweep.json
[SWEEP] ==================================================

[SWEEP] Clock locks do NOT survive a reboot. If anything looks wrong with the card's
[SWEEP] clocks after this, reboot and it returns to stock.

---- HWiNFO log stop ----
Pressing 'Log Stop'...
  button now : 'Log Start'
  size       : 1265908 then 1265908 bytes
  rows       : 623

Logging stopped.

================ RESULT ================
  sweep exit    : 0
  elapsed       : 5.2 min (expected ~10)
  hwinfo log    : 1265908 bytes, 623 rows
  result file   : C:\headroom-bench\results\20260923-105155_5060ti-rungB-suite-conv\wrapper-result.json

Run complete and both halves verified.
[10:57:21] exit 0 for conv
[10:57:21] [12/12] gemm

================ PLAN ================
  label        : 5060ti-rungB-suite-gemm
  workload     : gemm
  band         : 1237-3090 MHz, 13 points
  iterations   : 120
  output dir   : C:\headroom-bench\results\20260923-105721_5060ti-rungB-suite-gemm
  hwinfo log   : C:\headroom-bench\results\20260923-105721_5060ti-rungB-suite-gemm\5060ti-rungB-suite-gemm-hwinfo.csv
  expected     : ~10 min
  applied      : AFTERBURNER PROFILE 1 = RUNG B (worklist 4e, REGISTERED-PREDICTIONS section 1): P5 with points at or below 840 mV raised ~+170 MHz, 720 mV at 1702 MHz; PL 111 (200 W), memory +2500. Applied by MSIAfterburner.exe -profile1 -q and VERIFIED LIVE by memory under load (16301 MHz) and power limit 200.00 W. Profile store SHA-256 110AA774D5FC4123, byte-identical to data/afterburner-profiles/5060ti-profiles-20260922-rungB. NVML offset 0. HWiNFO SensorInterval 500, driver 616.92, operator absent, driving agent silent. Iterations 120 as 5060ti-stock-repro-20260922. Same session as the activity A/B test.

---- preflight ----
  power limit : 200.00 W, 180.00 W
  pmon sm     : mean 2.8%, peak 5% across 4 sample(s)
  pmon        : idle enough to proceed

---- HWiNFO log start ----

Pressing 'Log Start' (async - it opens a modal dialog)...
Setting the filename, with the change notification the dialog needs...

  button now : 'Log Stop'
  file       : C:\headroom-bench\results\20260923-105721_5060ti-rungB-suite-gemm\5060ti-rungB-suite-gemm-hwinfo.csv
  size       : 22303 then 37932 bytes

Logging is running and the file is growing.

---- sweep ----
  workload cmd: C:\Users\Raymond\AppData\Local\Programs\Python\Python312\python.exe C:\Users\Raymond\Documents\headroom\tools\frequency-sweep\gpu_workload.py --workload gemm --json --iterations 120

[SWEEP] GPU:        NVIDIA GeForce RTX 5060 Ti (driver 616.92)
[SWEEP] Max clock:  3090 MHz | power limit 200.00 W enforced (180.00 W default, 200.00 W max)
[SWEEP] Supported:  389 discrete graphics clocks, 180-3090 MHz
[SWEEP] Sweep band:  1237-3090 MHz (explicit) - FINE sweep, ~154 MHz apart. Not a full-range curve.
[SWEEP] Testing:    13 frequencies -> 1237, 1395, 1545, 1702, 1852, 2010, 2167, 2317, 2475, 2625, 2782, 2932, 3090 MHz
[SWEEP] Workload:   C:\Users\Raymond\AppData\Local\Programs\Python\Python312\python.exe C:\Users\Raymond\Documents\headroom\tools\frequency-sweep\gpu_workload.py --workload gemm --json --iterations 120   (timed; duration is the performance metric)
[SWEEP] Estimated:  ~6.1 min of measurement (plus workload time if any)

[SWEEP] Configuration: AFTERBURNER PROFILE 1 = RUNG B (worklist 4e, REGISTERED-PREDICTIONS section 1): P5 with points at or below 840 mV raised ~+170 MHz, 720 mV at 1702 MHz; PL 111 (200 W), memory +2500. Applied by MSIAfterburner.exe -profile1 -q and VERIFIED LIVE by memory under load (16301 MHz) and power limit 200.00 W. Profile store SHA-256 110AA774D5FC4123, byte-identical to data/afterburner-profiles/5060ti-profiles-20260922-rungB. NVML offset 0. HWiNFO SensorInterval 500, driver 616.92, operator absent, driving agent silent. Iterations 120 as 5060ti-stock-repro-20260922. Same session as the activity A/B test.

[SWEEP] Checking the GPU is quiet before starting...
[SWEEP] Video engines idle (encoder 0%, decoder 0%).
[SWEEP] Free VRAM 15471 MB - clear to start.
[SWEEP] Baseline utilisation 4.8% - clear to start.
[SWEEP] No interactive console - Ctrl+C interception unavailable. The finally block still resets clocks.
[SWEEP] NOTE: QuickEdit could not be disabled (likely no interactive console). If this window is interactive, DO NOT CLICK IN IT - a click freezes the run.
[SWEEP] --> locking 1237 MHz
[SWEEP]      1237 MHz -> achieved 1236.3 MHz (held),  58.41 W [32 in-window of 38], 44.4 C, util 97.3%
[SWEEP] --> locking 1395 MHz
[SWEEP]      1395 MHz -> achieved 1393.3 MHz (held),  63.03 W [29 in-window of 34], 45.2 C, util  98%
[SWEEP] --> locking 1545 MHz
[SWEEP]      1545 MHz -> achieved 1542.8 MHz (held),  68.54 W [26 in-window of 31],  46 C, util 99.4%
[SWEEP] --> locking 1702 MHz
[SWEEP]      1702 MHz -> achieved   1695 MHz (held),  75.52 W [23 in-window of 28], 46.8 C, util 98.5%
[SWEEP] --> locking 1852 MHz
[SWEEP]      1852 MHz -> achieved   1845 MHz (held),   86.7 W [21 in-window of 26], 48.4 C, util  98%
[SWEEP] --> locking 2010 MHz
[SWEEP]      2010 MHz -> achieved   2002 MHz (held), 102.59 W [19 in-window of 24], 50.9 C, util 97.8%
[SWEEP] --> locking 2167 MHz
[SWEEP]      2167 MHz -> achieved   2160 MHz (held), 120.01 W [18 in-window of 22], 53.8 C, util 97.8%
[SWEEP] --> locking 2317 MHz
[SWEEP]      2317 MHz -> achieved 2296.2 MHz (held), 130.11 W [17 in-window of 21], 55.6 C, util 97.6%
[SWEEP] --> locking 2475 MHz
[SWEEP]      2475 MHz -> achieved 2448.6 MHz (held), 140.19 W [16 in-window of 20], 57.3 C, util 97.4%
[SWEEP] --> locking 2625 MHz
[SWEEP]      2625 MHz -> achieved 2578.2 MHz (UNDERSHOT -46.8), 140.86 W [15 in-window of 19], 58.5 C, util 99.3%
[SWEEP] --> locking 2782 MHz
[SWEEP]      2782 MHz -> achieved 2762.9 MHz (held), 157.06 W [14 in-window of 18], 60.1 C, util 97.3%
[SWEEP] --> locking 2932 MHz
[SWEEP]      2932 MHz -> achieved 2902.8 MHz (held), 184.05 W [13 in-window of 17], 64.5 C, util 99.3%
[SWEEP] --> locking 3090 MHz
[SWEEP]      3090 MHz -> achieved 2909.8 MHz (UNDERSHOT -180.2),  182.7 W [13 in-window of 17],  65 C, util 98.1%

[SWEEP] Resetting GPU clocks...
[SWEEP] Clocks reset. Card is now reporting 3015 MHz at idle/load.

[SWEEP] ===================== RESULT =====================
[SWEEP] Measured 13 of 13 planned frequencies.
[SWEEP] Configuration: AFTERBURNER PROFILE 1 = RUNG B (worklist 4e, REGISTERED-PREDICTIONS section 1): P5 with points at or below 840 mV raised ~+170 MHz, 720 mV at 1702 MHz; PL 111 (200 W), memory +2500. Applied by MSIAfterburner.exe -profile1 -q and VERIFIED LIVE by memory under load (16301 MHz) and power limit 200.00 W. Profile store SHA-256 110AA774D5FC4123, byte-identical to data/afterburner-profiles/5060ti-profiles-20260922-rungB. NVML offset 0. HWiNFO SensorInterval 500, driver 616.92, operator absent, driving agent silent. Iterations 120 as 5060ti-stock-repro-20260922. Same session as the activity A/B test.
[SWEEP] NOTE: 2 point(s) ran BELOW their target by more than 30 MHz.
[SWEEP] The card could not sustain the requested clock - power or thermal limits. Expected
[SWEEP] at the top of the range, where max boost is a bin the card never actually holds.
[SWEEP] CSV:  C:\headroom-bench\results\20260923-105721_5060ti-rungB-suite-gemm\20260923-105738_5060ti-rungB-suite-gemm_sweep.csv
[SWEEP] JSON: C:\headroom-bench\results\20260923-105721_5060ti-rungB-suite-gemm\20260923-105738_5060ti-rungB-suite-gemm_sweep.json
[SWEEP] ==================================================

[SWEEP] Clock locks do NOT survive a reboot. If anything looks wrong with the card's
[SWEEP] clocks after this, reboot and it returns to stock.

---- HWiNFO log stop ----
Pressing 'Log Stop'...
  button now : 'Log Start'
  size       : 1172378 then 1172378 bytes
  rows       : 576

Logging stopped.

================ RESULT ================
  sweep exit    : 0
  elapsed       : 4.8 min (expected ~10)
  hwinfo log    : 1172378 bytes, 576 rows
  result file   : C:\headroom-bench\results\20260923-105721_5060ti-rungB-suite-gemm\wrapper-result.json

Run complete and both halves verified.
[11:02:22] exit 0 for gemm
[11:02:22] Reverting to Profile 3 (stock).
[11:03:00] Memory under load after revert: 13801 MHz
[11:03:00] Card is back on stock.
180.00 W, 180.00 W
