[11:52:39] Section 10 control repeat starting. Log: C:\headroom-bench\results\queue-20260925-control10-115239.log
HWiNFO launched.
Chose Sensors-only and pressed Start.
HWiNFO Sensors window is up and its Log button is readable.
[11:53:15] Profile 5: power limit 200 W (expect 200), memory under load 16301 MHz (expect 16301), gemm at locked 2475 MHz median 149.4 W over 31 samples.
powershell : Add-Content : The process cannot access the file 
'C:\headroom-bench\results\queue-20260925-control10-115239.log' 
At line:1 char:302
+ ... tch {} } }; powershell -NoProfile -ExecutionPolicy Bypass -File C:\Us ...
+                 ~~~~~~~~~~~~~~~~~~~~~~~~~~~~~~~~~~~~~~~~~~~~~~~~~~~~~~~~~
    + CategoryInfo          : NotSpecified: (Add-Content : T...10-115239.log' :String) [], RemoteException
    + FullyQualifiedErrorId : NativeCommandError
 
because it is being used by another process.
At C:\Users\Raymond\Documents\headroom\tools\hwinfo-logging\experiments\Run-ControlRepeat-20260925.ps1:35 char:102
+ ... H:mm:ss), $t; Write-Host $line; Add-Content -Path $log -Value $line }
+                                     ~~~~~~~~~~~~~~~~~~~~~~~~~~~~~~~~~~~
    + CategoryInfo          : WriteError: (C:\headroom-ben...ol10-115239.log:String) [Add-Content], IOException
    + FullyQualifiedErrorId : GetContentWriterIOError,Microsoft.PowerShell.Commands.AddContentCommand
 
[11:53:15] ==== 5060ti-ctrl10-p5a-copy (attempt 1) ====
Add-Content : The process cannot access the file 'C:\headroom-bench\results\queue-20260925-control10-115239.log' 
because it is being used by another process.
At C:\Users\Raymond\Documents\headroom\tools\hwinfo-logging\experiments\Run-ControlRepeat-20260925.ps1:35 char:102
+ ... H:mm:ss), $t; Write-Host $line; Add-Content -Path $log -Value $line }
+                                     ~~~~~~~~~~~~~~~~~~~~~~~~~~~~~~~~~~~
    + CategoryInfo          : WriteError: (C:\headroom-ben...ol10-115239.log:String) [Add-Content], IOException
    + FullyQualifiedErrorId : GetContentWriterIOError,Microsoft.PowerShell.Commands.AddContentCommand
 
[11:57:32]   wrapper exit 0
Add-Content : The process cannot access the file 'C:\headroom-bench\results\queue-20260925-control10-115239.log' 
because it is being used by another process.
At C:\Users\Raymond\Documents\headroom\tools\hwinfo-logging\experiments\Run-ControlRepeat-20260925.ps1:35 char:102
+ ... H:mm:ss), $t; Write-Host $line; Add-Content -Path $log -Value $line }
+                                     ~~~~~~~~~~~~~~~~~~~~~~~~~~~~~~~~~~~
    + CategoryInfo          : WriteError: (C:\headroom-ben...ol10-115239.log:String) [Add-Content], IOException
    + FullyQualifiedErrorId : GetContentWriterIOError,Microsoft.PowerShell.Commands.AddContentCommand
 
[11:57:32] ==== 5060ti-ctrl10-p5a-reduce (attempt 1) ====
Add-Content : The process cannot access the file 'C:\headroom-bench\results\queue-20260925-control10-115239.log' 
because it is being used by another process.
At C:\Users\Raymond\Documents\headroom\tools\hwinfo-logging\experiments\Run-ControlRepeat-20260925.ps1:35 char:102
+ ... H:mm:ss), $t; Write-Host $line; Add-Content -Path $log -Value $line }
+                                     ~~~~~~~~~~~~~~~~~~~~~~~~~~~~~~~~~~~
    + CategoryInfo          : WriteError: (C:\headroom-ben...ol10-115239.log:String) [Add-Content], IOException
    + FullyQualifiedErrorId : GetContentWriterIOError,Microsoft.PowerShell.Commands.AddContentCommand
 
[12:02:00]   wrapper exit 0
Add-Content : The process cannot access the file 'C:\headroom-bench\results\queue-20260925-control10-115239.log' 
because it is being used by another process.
At C:\Users\Raymond\Documents\headroom\tools\hwinfo-logging\experiments\Run-ControlRepeat-20260925.ps1:35 char:102
+ ... H:mm:ss), $t; Write-Host $line; Add-Content -Path $log -Value $line }
+                                     ~~~~~~~~~~~~~~~~~~~~~~~~~~~~~~~~~~~
    + CategoryInfo          : WriteError: (C:\headroom-ben...ol10-115239.log:String) [Add-Content], IOException
    + FullyQualifiedErrorId : GetContentWriterIOError,Microsoft.PowerShell.Commands.AddContentCommand
 
[12:02:00] ==== 5060ti-ctrl10-p5a-softmax (attempt 1) ====
Add-Content : The process cannot access the file 'C:\headroom-bench\results\queue-20260925-control10-115239.log' 
because it is being used by another process.
At C:\Users\Raymond\Documents\headroom\tools\hwinfo-logging\experiments\Run-ControlRepeat-20260925.ps1:35 char:102
+ ... H:mm:ss), $t; Write-Host $line; Add-Content -Path $log -Value $line }
+                                     ~~~~~~~~~~~~~~~~~~~~~~~~~~~~~~~~~~~
    + CategoryInfo          : WriteError: (C:\headroom-ben...ol10-115239.log:String) [Add-Content], IOException
    + FullyQualifiedErrorId : GetContentWriterIOError,Microsoft.PowerShell.Commands.AddContentCommand
 
[12:06:15]   wrapper exit 0
Add-Content : The process cannot access the file 'C:\headroom-bench\results\queue-20260925-control10-115239.log' 
because it is being used by another process.
At C:\Users\Raymond\Documents\headroom\tools\hwinfo-logging\experiments\Run-ControlRepeat-20260925.ps1:35 char:102
+ ... H:mm:ss), $t; Write-Host $line; Add-Content -Path $log -Value $line }
+                                     ~~~~~~~~~~~~~~~~~~~~~~~~~~~~~~~~~~~
    + CategoryInfo          : WriteError: (C:\headroom-ben...ol10-115239.log:String) [Add-Content], IOException
    + FullyQualifiedErrorId : GetContentWriterIOError,Microsoft.PowerShell.Commands.AddContentCommand
 
[12:06:15] ==== 5060ti-ctrl10-p5a-layernorm (attempt 1) ====
Add-Content : The process cannot access the file 'C:\headroom-bench\results\queue-20260925-control10-115239.log' 
because it is being used by another process.
At C:\Users\Raymond\Documents\headroom\tools\hwinfo-logging\experiments\Run-ControlRepeat-20260925.ps1:35 char:102
+ ... H:mm:ss), $t; Write-Host $line; Add-Content -Path $log -Value $line }
+                                     ~~~~~~~~~~~~~~~~~~~~~~~~~~~~~~~~~~~
    + CategoryInfo          : WriteError: (C:\headroom-ben...ol10-115239.log:String) [Add-Content], IOException
    + FullyQualifiedErrorId : GetContentWriterIOError,Microsoft.PowerShell.Commands.AddContentCommand
 
[12:10:36]   wrapper exit 0
Add-Content : The process cannot access the file 'C:\headroom-bench\results\queue-20260925-control10-115239.log' 
because it is being used by another process.
At C:\Users\Raymond\Documents\headroom\tools\hwinfo-logging\experiments\Run-ControlRepeat-20260925.ps1:35 char:102
+ ... H:mm:ss), $t; Write-Host $line; Add-Content -Path $log -Value $line }
+                                     ~~~~~~~~~~~~~~~~~~~~~~~~~~~~~~~~~~~
    + CategoryInfo          : WriteError: (C:\headroom-ben...ol10-115239.log:String) [Add-Content], IOException
    + FullyQualifiedErrorId : GetContentWriterIOError,Microsoft.PowerShell.Commands.AddContentCommand
 
[12:10:36] ==== 5060ti-ctrl10-p5a-bgemm32 (attempt 1) ====
Add-Content : The process cannot access the file 'C:\headroom-bench\results\queue-20260925-control10-115239.log' 
because it is being used by another process.
At C:\Users\Raymond\Documents\headroom\tools\hwinfo-logging\experiments\Run-ControlRepeat-20260925.ps1:35 char:102
+ ... H:mm:ss), $t; Write-Host $line; Add-Content -Path $log -Value $line }
+                                     ~~~~~~~~~~~~~~~~~~~~~~~~~~~~~~~~~~~
    + CategoryInfo          : WriteError: (C:\headroom-ben...ol10-115239.log:String) [Add-Content], IOException
    + FullyQualifiedErrorId : GetContentWriterIOError,Microsoft.PowerShell.Commands.AddContentCommand
 
[12:14:52]   wrapper exit 0
Add-Content : The process cannot access the file 'C:\headroom-bench\results\queue-20260925-control10-115239.log' 
because it is being used by another process.
At C:\Users\Raymond\Documents\headroom\tools\hwinfo-logging\experiments\Run-ControlRepeat-20260925.ps1:35 char:102
+ ... H:mm:ss), $t; Write-Host $line; Add-Content -Path $log -Value $line }
+                                     ~~~~~~~~~~~~~~~~~~~~~~~~~~~~~~~~~~~
    + CategoryInfo          : WriteError: (C:\headroom-ben...ol10-115239.log:String) [Add-Content], IOException
    + FullyQualifiedErrorId : GetContentWriterIOError,Microsoft.PowerShell.Commands.AddContentCommand
 
[12:14:52] ==== 5060ti-ctrl10-p5a-bgemm64 (attempt 1) ====
Add-Content : The process cannot access the file 'C:\headroom-bench\results\queue-20260925-control10-115239.log' 
because it is being used by another process.
At C:\Users\Raymond\Documents\headroom\tools\hwinfo-logging\experiments\Run-ControlRepeat-20260925.ps1:35 char:102
+ ... H:mm:ss), $t; Write-Host $line; Add-Content -Path $log -Value $line }
+                                     ~~~~~~~~~~~~~~~~~~~~~~~~~~~~~~~~~~~
    + CategoryInfo          : WriteError: (C:\headroom-ben...ol10-115239.log:String) [Add-Content], IOException
    + FullyQualifiedErrorId : GetContentWriterIOError,Microsoft.PowerShell.Commands.AddContentCommand
 
[12:19:08]   wrapper exit 0
Add-Content : The process cannot access the file 'C:\headroom-bench\results\queue-20260925-control10-115239.log' 
because it is being used by another process.
At C:\Users\Raymond\Documents\headroom\tools\hwinfo-logging\experiments\Run-ControlRepeat-20260925.ps1:35 char:102
+ ... H:mm:ss), $t; Write-Host $line; Add-Content -Path $log -Value $line }
+                                     ~~~~~~~~~~~~~~~~~~~~~~~~~~~~~~~~~~~
    + CategoryInfo          : WriteError: (C:\headroom-ben...ol10-115239.log:String) [Add-Content], IOException
    + FullyQualifiedErrorId : GetContentWriterIOError,Microsoft.PowerShell.Commands.AddContentCommand
 
[12:19:08] ==== 5060ti-ctrl10-p5a-bgemm128 (attempt 1) ====
Add-Content : The process cannot access the file 'C:\headroom-bench\results\queue-20260925-control10-115239.log' 
because it is being used by another process.
At C:\Users\Raymond\Documents\headroom\tools\hwinfo-logging\experiments\Run-ControlRepeat-20260925.ps1:35 char:102
+ ... H:mm:ss), $t; Write-Host $line; Add-Content -Path $log -Value $line }
+                                     ~~~~~~~~~~~~~~~~~~~~~~~~~~~~~~~~~~~
    + CategoryInfo          : WriteError: (C:\headroom-ben...ol10-115239.log:String) [Add-Content], IOException
    + FullyQualifiedErrorId : GetContentWriterIOError,Microsoft.PowerShell.Commands.AddContentCommand
 
[12:23:52]   wrapper exit 0
Add-Content : The process cannot access the file 'C:\headroom-bench\results\queue-20260925-control10-115239.log' 
because it is being used by another process.
At C:\Users\Raymond\Documents\headroom\tools\hwinfo-logging\experiments\Run-ControlRepeat-20260925.ps1:35 char:102
+ ... H:mm:ss), $t; Write-Host $line; Add-Content -Path $log -Value $line }
+                                     ~~~~~~~~~~~~~~~~~~~~~~~~~~~~~~~~~~~
    + CategoryInfo          : WriteError: (C:\headroom-ben...ol10-115239.log:String) [Add-Content], IOException
    + FullyQualifiedErrorId : GetContentWriterIOError,Microsoft.PowerShell.Commands.AddContentCommand
 
[12:23:52] ==== 5060ti-ctrl10-p5a-bgemm256 (attempt 1) ====
Add-Content : The process cannot access the file 'C:\headroom-bench\results\queue-20260925-control10-115239.log' 
because it is being used by another process.
At C:\Users\Raymond\Documents\headroom\tools\hwinfo-logging\experiments\Run-ControlRepeat-20260925.ps1:35 char:102
+ ... H:mm:ss), $t; Write-Host $line; Add-Content -Path $log -Value $line }
+                                     ~~~~~~~~~~~~~~~~~~~~~~~~~~~~~~~~~~~
    + CategoryInfo          : WriteError: (C:\headroom-ben...ol10-115239.log:String) [Add-Content], IOException
    + FullyQualifiedErrorId : GetContentWriterIOError,Microsoft.PowerShell.Commands.AddContentCommand
 
[12:29:01]   wrapper exit 0
Add-Content : The process cannot access the file 'C:\headroom-bench\results\queue-20260925-control10-115239.log' 
because it is being used by another process.
At C:\Users\Raymond\Documents\headroom\tools\hwinfo-logging\experiments\Run-ControlRepeat-20260925.ps1:35 char:102
+ ... H:mm:ss), $t; Write-Host $line; Add-Content -Path $log -Value $line }
+                                     ~~~~~~~~~~~~~~~~~~~~~~~~~~~~~~~~~~~
    + CategoryInfo          : WriteError: (C:\headroom-ben...ol10-115239.log:String) [Add-Content], IOException
    + FullyQualifiedErrorId : GetContentWriterIOError,Microsoft.PowerShell.Commands.AddContentCommand
 
[12:29:01] ==== 5060ti-ctrl10-p5a-bgemm1024 (attempt 1) ====
Add-Content : The process cannot access the file 'C:\headroom-bench\results\queue-20260925-control10-115239.log' 
because it is being used by another process.
At C:\Users\Raymond\Documents\headroom\tools\hwinfo-logging\experiments\Run-ControlRepeat-20260925.ps1:35 char:102
+ ... H:mm:ss), $t; Write-Host $line; Add-Content -Path $log -Value $line }
+                                     ~~~~~~~~~~~~~~~~~~~~~~~~~~~~~~~~~~~
    + CategoryInfo          : WriteError: (C:\headroom-ben...ol10-115239.log:String) [Add-Content], IOException
    + FullyQualifiedErrorId : GetContentWriterIOError,Microsoft.PowerShell.Commands.AddContentCommand
 
[12:34:09]   wrapper exit 0
Add-Content : The process cannot access the file 'C:\headroom-bench\results\queue-20260925-control10-115239.log' 
because it is being used by another process.
At C:\Users\Raymond\Documents\headroom\tools\hwinfo-logging\experiments\Run-ControlRepeat-20260925.ps1:35 char:102
+ ... H:mm:ss), $t; Write-Host $line; Add-Content -Path $log -Value $line }
+                                     ~~~~~~~~~~~~~~~~~~~~~~~~~~~~~~~~~~~
    + CategoryInfo          : WriteError: (C:\headroom-ben...ol10-115239.log:String) [Add-Content], IOException
    + FullyQualifiedErrorId : GetContentWriterIOError,Microsoft.PowerShell.Commands.AddContentCommand
 
[12:34:09] ==== 5060ti-ctrl10-p5a-attention (attempt 1) ====
Add-Content : The process cannot access the file 'C:\headroom-bench\results\queue-20260925-control10-115239.log' 
because it is being used by another process.
At C:\Users\Raymond\Documents\headroom\tools\hwinfo-logging\experiments\Run-ControlRepeat-20260925.ps1:35 char:102
+ ... H:mm:ss), $t; Write-Host $line; Add-Content -Path $log -Value $line }
+                                     ~~~~~~~~~~~~~~~~~~~~~~~~~~~~~~~~~~~
    + CategoryInfo          : WriteError: (C:\headroom-ben...ol10-115239.log:String) [Add-Content], IOException
    + FullyQualifiedErrorId : GetContentWriterIOError,Microsoft.PowerShell.Commands.AddContentCommand
 
[12:39:18]   wrapper exit 0
Add-Content : The process cannot access the file 'C:\headroom-bench\results\queue-20260925-control10-115239.log' 
because it is being used by another process.
At C:\Users\Raymond\Documents\headroom\tools\hwinfo-logging\experiments\Run-ControlRepeat-20260925.ps1:35 char:102
+ ... H:mm:ss), $t; Write-Host $line; Add-Content -Path $log -Value $line }
+                                     ~~~~~~~~~~~~~~~~~~~~~~~~~~~~~~~~~~~
    + CategoryInfo          : WriteError: (C:\headroom-ben...ol10-115239.log:String) [Add-Content], IOException
    + FullyQualifiedErrorId : GetContentWriterIOError,Microsoft.PowerShell.Commands.AddContentCommand
 
[12:39:18] ==== 5060ti-ctrl10-p5a-conv (attempt 1) ====
Add-Content : The process cannot access the file 'C:\headroom-bench\results\queue-20260925-control10-115239.log' 
because it is being used by another process.
At C:\Users\Raymond\Documents\headroom\tools\hwinfo-logging\experiments\Run-ControlRepeat-20260925.ps1:35 char:102
+ ... H:mm:ss), $t; Write-Host $line; Add-Content -Path $log -Value $line }
+                                     ~~~~~~~~~~~~~~~~~~~~~~~~~~~~~~~~~~~
    + CategoryInfo          : WriteError: (C:\headroom-ben...ol10-115239.log:String) [Add-Content], IOException
    + FullyQualifiedErrorId : GetContentWriterIOError,Microsoft.PowerShell.Commands.AddContentCommand
 
[12:44:30]   wrapper exit 0
Add-Content : The process cannot access the file 'C:\headroom-bench\results\queue-20260925-control10-115239.log' 
because it is being used by another process.
At C:\Users\Raymond\Documents\headroom\tools\hwinfo-logging\experiments\Run-ControlRepeat-20260925.ps1:35 char:102
+ ... H:mm:ss), $t; Write-Host $line; Add-Content -Path $log -Value $line }
+                                     ~~~~~~~~~~~~~~~~~~~~~~~~~~~~~~~~~~~
    + CategoryInfo          : WriteError: (C:\headroom-ben...ol10-115239.log:String) [Add-Content], IOException
    + FullyQualifiedErrorId : GetContentWriterIOError,Microsoft.PowerShell.Commands.AddContentCommand
 
[12:44:30] ==== 5060ti-ctrl10-p5a-gemm (attempt 1) ====
Add-Content : The process cannot access the file 'C:\headroom-bench\results\queue-20260925-control10-115239.log' 
because it is being used by another process.
At C:\Users\Raymond\Documents\headroom\tools\hwinfo-logging\experiments\Run-ControlRepeat-20260925.ps1:35 char:102
+ ... H:mm:ss), $t; Write-Host $line; Add-Content -Path $log -Value $line }
+                                     ~~~~~~~~~~~~~~~~~~~~~~~~~~~~~~~~~~~
    + CategoryInfo          : WriteError: (C:\headroom-ben...ol10-115239.log:String) [Add-Content], IOException
    + FullyQualifiedErrorId : GetContentWriterIOError,Microsoft.PowerShell.Commands.AddContentCommand
 
[12:49:22]   wrapper exit 0
Add-Content : The process cannot access the file 'C:\headroom-bench\results\queue-20260925-control10-115239.log' 
because it is being used by another process.
At C:\Users\Raymond\Documents\headroom\tools\hwinfo-logging\experiments\Run-ControlRepeat-20260925.ps1:35 char:102
+ ... H:mm:ss), $t; Write-Host $line; Add-Content -Path $log -Value $line }
+                                     ~~~~~~~~~~~~~~~~~~~~~~~~~~~~~~~~~~~
    + CategoryInfo          : WriteError: (C:\headroom-ben...ol10-115239.log:String) [Add-Content], IOException
    + FullyQualifiedErrorId : GetContentWriterIOError,Microsoft.PowerShell.Commands.AddContentCommand
 
[12:49:53] Profile 2: power limit 200 W (expect 200), memory under load 16301 MHz (expect 16301), gemm at locked 2475 MHz median 175.9 W over 31 samples.
Add-Content : The process cannot access the file 'C:\headroom-bench\results\queue-20260925-control10-115239.log' 
because it is being used by another process.
At C:\Users\Raymond\Documents\headroom\tools\hwinfo-logging\experiments\Run-ControlRepeat-20260925.ps1:35 char:102
+ ... H:mm:ss), $t; Write-Host $line; Add-Content -Path $log -Value $line }
+                                     ~~~~~~~~~~~~~~~~~~~~~~~~~~~~~~~~~~~
    + CategoryInfo          : WriteError: (C:\headroom-ben...ol10-115239.log:String) [Add-Content], IOException
    + FullyQualifiedErrorId : GetContentWriterIOError,Microsoft.PowerShell.Commands.AddContentCommand
 
[12:49:53] ==== 5060ti-ctrl10-p2-copy (attempt 1) ====
Add-Content : The process cannot access the file 'C:\headroom-bench\results\queue-20260925-control10-115239.log' 
because it is being used by another process.
At C:\Users\Raymond\Documents\headroom\tools\hwinfo-logging\experiments\Run-ControlRepeat-20260925.ps1:35 char:102
+ ... H:mm:ss), $t; Write-Host $line; Add-Content -Path $log -Value $line }
+                                     ~~~~~~~~~~~~~~~~~~~~~~~~~~~~~~~~~~~
    + CategoryInfo          : WriteError: (C:\headroom-ben...ol10-115239.log:String) [Add-Content], IOException
    + FullyQualifiedErrorId : GetContentWriterIOError,Microsoft.PowerShell.Commands.AddContentCommand
 
[12:49:56]   wrapper exit 4
Add-Content : The process cannot access the file 'C:\headroom-bench\results\queue-20260925-control10-115239.log' 
because it is being used by another process.
At C:\Users\Raymond\Documents\headroom\tools\hwinfo-logging\experiments\Run-ControlRepeat-20260925.ps1:35 char:102
+ ... H:mm:ss), $t; Write-Host $line; Add-Content -Path $log -Value $line }
+                                     ~~~~~~~~~~~~~~~~~~~~~~~~~~~~~~~~~~~
    + CategoryInfo          : WriteError: (C:\headroom-ben...ol10-115239.log:String) [Add-Content], IOException
    + FullyQualifiedErrorId : GetContentWriterIOError,Microsoft.PowerShell.Commands.AddContentCommand
 
[12:49:56]   busy-GPU preflight refusal; waiting 60 s and retrying.
Add-Content : The process cannot access the file 'C:\headroom-bench\results\queue-20260925-control10-115239.log' 
because it is being used by another process.
At C:\Users\Raymond\Documents\headroom\tools\hwinfo-logging\experiments\Run-ControlRepeat-20260925.ps1:35 char:102
+ ... H:mm:ss), $t; Write-Host $line; Add-Content -Path $log -Value $line }
+                                     ~~~~~~~~~~~~~~~~~~~~~~~~~~~~~~~~~~~
    + CategoryInfo          : WriteError: (C:\headroom-ben...ol10-115239.log:String) [Add-Content], IOException
    + FullyQualifiedErrorId : GetContentWriterIOError,Microsoft.PowerShell.Commands.AddContentCommand
 
[12:50:56] ==== 5060ti-ctrl10-p2-copy (attempt 2) ====
Add-Content : The process cannot access the file 'C:\headroom-bench\results\queue-20260925-control10-115239.log' 
because it is being used by another process.
At C:\Users\Raymond\Documents\headroom\tools\hwinfo-logging\experiments\Run-ControlRepeat-20260925.ps1:35 char:102
+ ... H:mm:ss), $t; Write-Host $line; Add-Content -Path $log -Value $line }
+                                     ~~~~~~~~~~~~~~~~~~~~~~~~~~~~~~~~~~~
    + CategoryInfo          : WriteError: (C:\headroom-ben...ol10-115239.log:String) [Add-Content], IOException
    + FullyQualifiedErrorId : GetContentWriterIOError,Microsoft.PowerShell.Commands.AddContentCommand
 
[12:55:14]   wrapper exit 0
Add-Content : The process cannot access the file 'C:\headroom-bench\results\queue-20260925-control10-115239.log' 
because it is being used by another process.
At C:\Users\Raymond\Documents\headroom\tools\hwinfo-logging\experiments\Run-ControlRepeat-20260925.ps1:35 char:102
+ ... H:mm:ss), $t; Write-Host $line; Add-Content -Path $log -Value $line }
+                                     ~~~~~~~~~~~~~~~~~~~~~~~~~~~~~~~~~~~
    + CategoryInfo          : WriteError: (C:\headroom-ben...ol10-115239.log:String) [Add-Content], IOException
    + FullyQualifiedErrorId : GetContentWriterIOError,Microsoft.PowerShell.Commands.AddContentCommand
 
[12:55:14] ==== 5060ti-ctrl10-p2-reduce (attempt 1) ====
Add-Content : The process cannot access the file 'C:\headroom-bench\results\queue-20260925-control10-115239.log' 
because it is being used by another process.
At C:\Users\Raymond\Documents\headroom\tools\hwinfo-logging\experiments\Run-ControlRepeat-20260925.ps1:35 char:102
+ ... H:mm:ss), $t; Write-Host $line; Add-Content -Path $log -Value $line }
+                                     ~~~~~~~~~~~~~~~~~~~~~~~~~~~~~~~~~~~
    + CategoryInfo          : WriteError: (C:\headroom-ben...ol10-115239.log:String) [Add-Content], IOException
    + FullyQualifiedErrorId : GetContentWriterIOError,Microsoft.PowerShell.Commands.AddContentCommand
 
[12:59:39]   wrapper exit 0
Add-Content : The process cannot access the file 'C:\headroom-bench\results\queue-20260925-control10-115239.log' 
because it is being used by another process.
At C:\Users\Raymond\Documents\headroom\tools\hwinfo-logging\experiments\Run-ControlRepeat-20260925.ps1:35 char:102
+ ... H:mm:ss), $t; Write-Host $line; Add-Content -Path $log -Value $line }
+                                     ~~~~~~~~~~~~~~~~~~~~~~~~~~~~~~~~~~~
    + CategoryInfo          : WriteError: (C:\headroom-ben...ol10-115239.log:String) [Add-Content], IOException
    + FullyQualifiedErrorId : GetContentWriterIOError,Microsoft.PowerShell.Commands.AddContentCommand
 
[12:59:39] ==== 5060ti-ctrl10-p2-softmax (attempt 1) ====
Add-Content : The process cannot access the file 'C:\headroom-bench\results\queue-20260925-control10-115239.log' 
because it is being used by another process.
At C:\Users\Raymond\Documents\headroom\tools\hwinfo-logging\experiments\Run-ControlRepeat-20260925.ps1:35 char:102
+ ... H:mm:ss), $t; Write-Host $line; Add-Content -Path $log -Value $line }
+                                     ~~~~~~~~~~~~~~~~~~~~~~~~~~~~~~~~~~~
    + CategoryInfo          : WriteError: (C:\headroom-ben...ol10-115239.log:String) [Add-Content], IOException
    + FullyQualifiedErrorId : GetContentWriterIOError,Microsoft.PowerShell.Commands.AddContentCommand
 
[13:03:54]   wrapper exit 0
Add-Content : The process cannot access the file 'C:\headroom-bench\results\queue-20260925-control10-115239.log' 
because it is being used by another process.
At C:\Users\Raymond\Documents\headroom\tools\hwinfo-logging\experiments\Run-ControlRepeat-20260925.ps1:35 char:102
+ ... H:mm:ss), $t; Write-Host $line; Add-Content -Path $log -Value $line }
+                                     ~~~~~~~~~~~~~~~~~~~~~~~~~~~~~~~~~~~
    + CategoryInfo          : WriteError: (C:\headroom-ben...ol10-115239.log:String) [Add-Content], IOException
    + FullyQualifiedErrorId : GetContentWriterIOError,Microsoft.PowerShell.Commands.AddContentCommand
 
[13:03:54] ==== 5060ti-ctrl10-p2-layernorm (attempt 1) ====
Add-Content : The process cannot access the file 'C:\headroom-bench\results\queue-20260925-control10-115239.log' 
because it is being used by another process.
At C:\Users\Raymond\Documents\headroom\tools\hwinfo-logging\experiments\Run-ControlRepeat-20260925.ps1:35 char:102
+ ... H:mm:ss), $t; Write-Host $line; Add-Content -Path $log -Value $line }
+                                     ~~~~~~~~~~~~~~~~~~~~~~~~~~~~~~~~~~~
    + CategoryInfo          : WriteError: (C:\headroom-ben...ol10-115239.log:String) [Add-Content], IOException
    + FullyQualifiedErrorId : GetContentWriterIOError,Microsoft.PowerShell.Commands.AddContentCommand
 
[13:08:14]   wrapper exit 0
Add-Content : The process cannot access the file 'C:\headroom-bench\results\queue-20260925-control10-115239.log' 
because it is being used by another process.
At C:\Users\Raymond\Documents\headroom\tools\hwinfo-logging\experiments\Run-ControlRepeat-20260925.ps1:35 char:102
+ ... H:mm:ss), $t; Write-Host $line; Add-Content -Path $log -Value $line }
+                                     ~~~~~~~~~~~~~~~~~~~~~~~~~~~~~~~~~~~
    + CategoryInfo          : WriteError: (C:\headroom-ben...ol10-115239.log:String) [Add-Content], IOException
    + FullyQualifiedErrorId : GetContentWriterIOError,Microsoft.PowerShell.Commands.AddContentCommand
 
[13:08:14] ==== 5060ti-ctrl10-p2-bgemm32 (attempt 1) ====
Add-Content : The process cannot access the file 'C:\headroom-bench\results\queue-20260925-control10-115239.log' 
because it is being used by another process.
At C:\Users\Raymond\Documents\headroom\tools\hwinfo-logging\experiments\Run-ControlRepeat-20260925.ps1:35 char:102
+ ... H:mm:ss), $t; Write-Host $line; Add-Content -Path $log -Value $line }
+                                     ~~~~~~~~~~~~~~~~~~~~~~~~~~~~~~~~~~~
    + CategoryInfo          : WriteError: (C:\headroom-ben...ol10-115239.log:String) [Add-Content], IOException
    + FullyQualifiedErrorId : GetContentWriterIOError,Microsoft.PowerShell.Commands.AddContentCommand
 
[13:12:30]   wrapper exit 0
Add-Content : The process cannot access the file 'C:\headroom-bench\results\queue-20260925-control10-115239.log' 
because it is being used by another process.
At C:\Users\Raymond\Documents\headroom\tools\hwinfo-logging\experiments\Run-ControlRepeat-20260925.ps1:35 char:102
+ ... H:mm:ss), $t; Write-Host $line; Add-Content -Path $log -Value $line }
+                                     ~~~~~~~~~~~~~~~~~~~~~~~~~~~~~~~~~~~
    + CategoryInfo          : WriteError: (C:\headroom-ben...ol10-115239.log:String) [Add-Content], IOException
    + FullyQualifiedErrorId : GetContentWriterIOError,Microsoft.PowerShell.Commands.AddContentCommand
 
Add-Content : The process cannot access the file 'C:\headroom-bench\results\queue-20260925-control10-115239.log' 
because it is being used by another process.
At C:\Users\Raymond\Documents\headroom\tools\hwinfo-logging\experiments\Run-ControlRepeat-20260925.ps1:35 char:102
+ ... H:mm:ss), $t; Write-Host $line; Add-Content -Path $log -Value $line }
+                                     ~~~~~~~~~~~~~~~~~~~~~~~~~~~~~~~~~~~
    + CategoryInfo          : WriteError: (C:\headroom-ben...ol10-115239.log:String) [Add-Content], IOException
    + FullyQualifiedErrorId : GetContentWriterIOError,Microsoft.PowerShell.Commands.AddContentCommand
 
[13:12:30] ==== 5060ti-ctrl10-p2-bgemm64 (attempt 1) ====
[13:16:44]   wrapper exit 0
Add-Content : The process cannot access the file 'C:\headroom-bench\results\queue-20260925-control10-115239.log' 
because it is being used by another process.
At C:\Users\Raymond\Documents\headroom\tools\hwinfo-logging\experiments\Run-ControlRepeat-20260925.ps1:35 char:102
+ ... H:mm:ss), $t; Write-Host $line; Add-Content -Path $log -Value $line }
+                                     ~~~~~~~~~~~~~~~~~~~~~~~~~~~~~~~~~~~
    + CategoryInfo          : WriteError: (C:\headroom-ben...ol10-115239.log:String) [Add-Content], IOException
    + FullyQualifiedErrorId : GetContentWriterIOError,Microsoft.PowerShell.Commands.AddContentCommand
 
[13:16:44] ==== 5060ti-ctrl10-p2-bgemm128 (attempt 1) ====
Add-Content : The process cannot access the file 'C:\headroom-bench\results\queue-20260925-control10-115239.log' 
because it is being used by another process.
At C:\Users\Raymond\Documents\headroom\tools\hwinfo-logging\experiments\Run-ControlRepeat-20260925.ps1:35 char:102
+ ... H:mm:ss), $t; Write-Host $line; Add-Content -Path $log -Value $line }
+                                     ~~~~~~~~~~~~~~~~~~~~~~~~~~~~~~~~~~~
    + CategoryInfo          : WriteError: (C:\headroom-ben...ol10-115239.log:String) [Add-Content], IOException
    + FullyQualifiedErrorId : GetContentWriterIOError,Microsoft.PowerShell.Commands.AddContentCommand
 
[13:21:30]   wrapper exit 0
Add-Content : The process cannot access the file 'C:\headroom-bench\results\queue-20260925-control10-115239.log' 
because it is being used by another process.
At C:\Users\Raymond\Documents\headroom\tools\hwinfo-logging\experiments\Run-ControlRepeat-20260925.ps1:35 char:102
+ ... H:mm:ss), $t; Write-Host $line; Add-Content -Path $log -Value $line }
+                                     ~~~~~~~~~~~~~~~~~~~~~~~~~~~~~~~~~~~
    + CategoryInfo          : WriteError: (C:\headroom-ben...ol10-115239.log:String) [Add-Content], IOException
    + FullyQualifiedErrorId : GetContentWriterIOError,Microsoft.PowerShell.Commands.AddContentCommand
 
[13:21:30] ==== 5060ti-ctrl10-p2-bgemm256 (attempt 1) ====
Add-Content : The process cannot access the file 'C:\headroom-bench\results\queue-20260925-control10-115239.log' 
because it is being used by another process.
At C:\Users\Raymond\Documents\headroom\tools\hwinfo-logging\experiments\Run-ControlRepeat-20260925.ps1:35 char:102
+ ... H:mm:ss), $t; Write-Host $line; Add-Content -Path $log -Value $line }
+                                     ~~~~~~~~~~~~~~~~~~~~~~~~~~~~~~~~~~~
    + CategoryInfo          : WriteError: (C:\headroom-ben...ol10-115239.log:String) [Add-Content], IOException
    + FullyQualifiedErrorId : GetContentWriterIOError,Microsoft.PowerShell.Commands.AddContentCommand
 
[13:26:40]   wrapper exit 0
Add-Content : The process cannot access the file 'C:\headroom-bench\results\queue-20260925-control10-115239.log' 
because it is being used by another process.
At C:\Users\Raymond\Documents\headroom\tools\hwinfo-logging\experiments\Run-ControlRepeat-20260925.ps1:35 char:102
+ ... H:mm:ss), $t; Write-Host $line; Add-Content -Path $log -Value $line }
+                                     ~~~~~~~~~~~~~~~~~~~~~~~~~~~~~~~~~~~
    + CategoryInfo          : WriteError: (C:\headroom-ben...ol10-115239.log:String) [Add-Content], IOException
    + FullyQualifiedErrorId : GetContentWriterIOError,Microsoft.PowerShell.Commands.AddContentCommand
 
[13:26:40] ==== 5060ti-ctrl10-p2-bgemm1024 (attempt 1) ====
Add-Content : The process cannot access the file 'C:\headroom-bench\results\queue-20260925-control10-115239.log' 
because it is being used by another process.
At C:\Users\Raymond\Documents\headroom\tools\hwinfo-logging\experiments\Run-ControlRepeat-20260925.ps1:35 char:102
+ ... H:mm:ss), $t; Write-Host $line; Add-Content -Path $log -Value $line }
+                                     ~~~~~~~~~~~~~~~~~~~~~~~~~~~~~~~~~~~
    + CategoryInfo          : WriteError: (C:\headroom-ben...ol10-115239.log:String) [Add-Content], IOException
    + FullyQualifiedErrorId : GetContentWriterIOError,Microsoft.PowerShell.Commands.AddContentCommand
 
[13:31:49]   wrapper exit 0
Add-Content : The process cannot access the file 'C:\headroom-bench\results\queue-20260925-control10-115239.log' 
because it is being used by another process.
At C:\Users\Raymond\Documents\headroom\tools\hwinfo-logging\experiments\Run-ControlRepeat-20260925.ps1:35 char:102
+ ... H:mm:ss), $t; Write-Host $line; Add-Content -Path $log -Value $line }
+                                     ~~~~~~~~~~~~~~~~~~~~~~~~~~~~~~~~~~~
    + CategoryInfo          : WriteError: (C:\headroom-ben...ol10-115239.log:String) [Add-Content], IOException
    + FullyQualifiedErrorId : GetContentWriterIOError,Microsoft.PowerShell.Commands.AddContentCommand
 
[13:31:49] ==== 5060ti-ctrl10-p2-attention (attempt 1) ====
Add-Content : The process cannot access the file 'C:\headroom-bench\results\queue-20260925-control10-115239.log' 
because it is being used by another process.
At C:\Users\Raymond\Documents\headroom\tools\hwinfo-logging\experiments\Run-ControlRepeat-20260925.ps1:35 char:102
+ ... H:mm:ss), $t; Write-Host $line; Add-Content -Path $log -Value $line }
+                                     ~~~~~~~~~~~~~~~~~~~~~~~~~~~~~~~~~~~
    + CategoryInfo          : WriteError: (C:\headroom-ben...ol10-115239.log:String) [Add-Content], IOException
    + FullyQualifiedErrorId : GetContentWriterIOError,Microsoft.PowerShell.Commands.AddContentCommand
 
[13:36:57]   wrapper exit 0
Add-Content : The process cannot access the file 'C:\headroom-bench\results\queue-20260925-control10-115239.log' 
because it is being used by another process.
At C:\Users\Raymond\Documents\headroom\tools\hwinfo-logging\experiments\Run-ControlRepeat-20260925.ps1:35 char:102
+ ... H:mm:ss), $t; Write-Host $line; Add-Content -Path $log -Value $line }
+                                     ~~~~~~~~~~~~~~~~~~~~~~~~~~~~~~~~~~~
    + CategoryInfo          : WriteError: (C:\headroom-ben...ol10-115239.log:String) [Add-Content], IOException
    + FullyQualifiedErrorId : GetContentWriterIOError,Microsoft.PowerShell.Commands.AddContentCommand
 
[13:36:57] ==== 5060ti-ctrl10-p2-conv (attempt 1) ====
Add-Content : The process cannot access the file 'C:\headroom-bench\results\queue-20260925-control10-115239.log' 
because it is being used by another process.
At C:\Users\Raymond\Documents\headroom\tools\hwinfo-logging\experiments\Run-ControlRepeat-20260925.ps1:35 char:102
+ ... H:mm:ss), $t; Write-Host $line; Add-Content -Path $log -Value $line }
+                                     ~~~~~~~~~~~~~~~~~~~~~~~~~~~~~~~~~~~
    + CategoryInfo          : WriteError: (C:\headroom-ben...ol10-115239.log:String) [Add-Content], IOException
    + FullyQualifiedErrorId : GetContentWriterIOError,Microsoft.PowerShell.Commands.AddContentCommand
 
[13:42:09]   wrapper exit 0
Add-Content : The process cannot access the file 'C:\headroom-bench\results\queue-20260925-control10-115239.log' 
because it is being used by another process.
At C:\Users\Raymond\Documents\headroom\tools\hwinfo-logging\experiments\Run-ControlRepeat-20260925.ps1:35 char:102
+ ... H:mm:ss), $t; Write-Host $line; Add-Content -Path $log -Value $line }
+                                     ~~~~~~~~~~~~~~~~~~~~~~~~~~~~~~~~~~~
    + CategoryInfo          : WriteError: (C:\headroom-ben...ol10-115239.log:String) [Add-Content], IOException
    + FullyQualifiedErrorId : GetContentWriterIOError,Microsoft.PowerShell.Commands.AddContentCommand
 
[13:42:09] ==== 5060ti-ctrl10-p2-gemm (attempt 1) ====
Add-Content : The process cannot access the file 'C:\headroom-bench\results\queue-20260925-control10-115239.log' 
because it is being used by another process.
At C:\Users\Raymond\Documents\headroom\tools\hwinfo-logging\experiments\Run-ControlRepeat-20260925.ps1:35 char:102
+ ... H:mm:ss), $t; Write-Host $line; Add-Content -Path $log -Value $line }
+                                     ~~~~~~~~~~~~~~~~~~~~~~~~~~~~~~~~~~~
    + CategoryInfo          : WriteError: (C:\headroom-ben...ol10-115239.log:String) [Add-Content], IOException
    + FullyQualifiedErrorId : GetContentWriterIOError,Microsoft.PowerShell.Commands.AddContentCommand
 
[13:47:01]   wrapper exit 0
Add-Content : The process cannot access the file 'C:\headroom-bench\results\queue-20260925-control10-115239.log' 
because it is being used by another process.
At C:\Users\Raymond\Documents\headroom\tools\hwinfo-logging\experiments\Run-ControlRepeat-20260925.ps1:35 char:102
+ ... H:mm:ss), $t; Write-Host $line; Add-Content -Path $log -Value $line }
+                                     ~~~~~~~~~~~~~~~~~~~~~~~~~~~~~~~~~~~
    + CategoryInfo          : WriteError: (C:\headroom-ben...ol10-115239.log:String) [Add-Content], IOException
    + FullyQualifiedErrorId : GetContentWriterIOError,Microsoft.PowerShell.Commands.AddContentCommand
 
[13:47:32] Profile 5: power limit 200 W (expect 200), memory under load 16301 MHz (expect 16301), gemm at locked 2475 MHz median 152.7 W over 31 samples.
Add-Content : The process cannot access the file 'C:\headroom-bench\results\queue-20260925-control10-115239.log' 
because it is being used by another process.
At C:\Users\Raymond\Documents\headroom\tools\hwinfo-logging\experiments\Run-ControlRepeat-20260925.ps1:35 char:102
+ ... H:mm:ss), $t; Write-Host $line; Add-Content -Path $log -Value $line }
+                                     ~~~~~~~~~~~~~~~~~~~~~~~~~~~~~~~~~~~
    + CategoryInfo          : WriteError: (C:\headroom-ben...ol10-115239.log:String) [Add-Content], IOException
    + FullyQualifiedErrorId : GetContentWriterIOError,Microsoft.PowerShell.Commands.AddContentCommand
 
[13:47:32] ==== 5060ti-ctrl10-p5b-copy (attempt 1) ====
Add-Content : The process cannot access the file 'C:\headroom-bench\results\queue-20260925-control10-115239.log' 
because it is being used by another process.
At C:\Users\Raymond\Documents\headroom\tools\hwinfo-logging\experiments\Run-ControlRepeat-20260925.ps1:35 char:102
+ ... H:mm:ss), $t; Write-Host $line; Add-Content -Path $log -Value $line }
+                                     ~~~~~~~~~~~~~~~~~~~~~~~~~~~~~~~~~~~
    + CategoryInfo          : WriteError: (C:\headroom-ben...ol10-115239.log:String) [Add-Content], IOException
    + FullyQualifiedErrorId : GetContentWriterIOError,Microsoft.PowerShell.Commands.AddContentCommand
 
[13:51:49]   wrapper exit 0
Add-Content : The process cannot access the file 'C:\headroom-bench\results\queue-20260925-control10-115239.log' 
because it is being used by another process.
At C:\Users\Raymond\Documents\headroom\tools\hwinfo-logging\experiments\Run-ControlRepeat-20260925.ps1:35 char:102
+ ... H:mm:ss), $t; Write-Host $line; Add-Content -Path $log -Value $line }
+                                     ~~~~~~~~~~~~~~~~~~~~~~~~~~~~~~~~~~~
    + CategoryInfo          : WriteError: (C:\headroom-ben...ol10-115239.log:String) [Add-Content], IOException
    + FullyQualifiedErrorId : GetContentWriterIOError,Microsoft.PowerShell.Commands.AddContentCommand
 
[13:51:49] ==== 5060ti-ctrl10-p5b-reduce (attempt 1) ====
Add-Content : The process cannot access the file 'C:\headroom-bench\results\queue-20260925-control10-115239.log' 
because it is being used by another process.
At C:\Users\Raymond\Documents\headroom\tools\hwinfo-logging\experiments\Run-ControlRepeat-20260925.ps1:35 char:102
+ ... H:mm:ss), $t; Write-Host $line; Add-Content -Path $log -Value $line }
+                                     ~~~~~~~~~~~~~~~~~~~~~~~~~~~~~~~~~~~
    + CategoryInfo          : WriteError: (C:\headroom-ben...ol10-115239.log:String) [Add-Content], IOException
    + FullyQualifiedErrorId : GetContentWriterIOError,Microsoft.PowerShell.Commands.AddContentCommand
 
[13:56:21]   wrapper exit 0
Add-Content : The process cannot access the file 'C:\headroom-bench\results\queue-20260925-control10-115239.log' 
because it is being used by another process.
At C:\Users\Raymond\Documents\headroom\tools\hwinfo-logging\experiments\Run-ControlRepeat-20260925.ps1:35 char:102
+ ... H:mm:ss), $t; Write-Host $line; Add-Content -Path $log -Value $line }
+                                     ~~~~~~~~~~~~~~~~~~~~~~~~~~~~~~~~~~~
    + CategoryInfo          : WriteError: (C:\headroom-ben...ol10-115239.log:String) [Add-Content], IOException
    + FullyQualifiedErrorId : GetContentWriterIOError,Microsoft.PowerShell.Commands.AddContentCommand
 
[13:56:21] ==== 5060ti-ctrl10-p5b-softmax (attempt 1) ====
Add-Content : The process cannot access the file 'C:\headroom-bench\results\queue-20260925-control10-115239.log' 
because it is being used by another process.
At C:\Users\Raymond\Documents\headroom\tools\hwinfo-logging\experiments\Run-ControlRepeat-20260925.ps1:35 char:102
+ ... H:mm:ss), $t; Write-Host $line; Add-Content -Path $log -Value $line }
+                                     ~~~~~~~~~~~~~~~~~~~~~~~~~~~~~~~~~~~
    + CategoryInfo          : WriteError: (C:\headroom-ben...ol10-115239.log:String) [Add-Content], IOException
    + FullyQualifiedErrorId : GetContentWriterIOError,Microsoft.PowerShell.Commands.AddContentCommand
 
[14:00:44]   wrapper exit 0
Add-Content : The process cannot access the file 'C:\headroom-bench\results\queue-20260925-control10-115239.log' 
because it is being used by another process.
At C:\Users\Raymond\Documents\headroom\tools\hwinfo-logging\experiments\Run-ControlRepeat-20260925.ps1:35 char:102
+ ... H:mm:ss), $t; Write-Host $line; Add-Content -Path $log -Value $line }
+                                     ~~~~~~~~~~~~~~~~~~~~~~~~~~~~~~~~~~~
    + CategoryInfo          : WriteError: (C:\headroom-ben...ol10-115239.log:String) [Add-Content], IOException
    + FullyQualifiedErrorId : GetContentWriterIOError,Microsoft.PowerShell.Commands.AddContentCommand
 
[14:00:44] ==== 5060ti-ctrl10-p5b-layernorm (attempt 1) ====
Add-Content : The process cannot access the file 'C:\headroom-bench\results\queue-20260925-control10-115239.log' 
because it is being used by another process.
At C:\Users\Raymond\Documents\headroom\tools\hwinfo-logging\experiments\Run-ControlRepeat-20260925.ps1:35 char:102
+ ... H:mm:ss), $t; Write-Host $line; Add-Content -Path $log -Value $line }
+                                     ~~~~~~~~~~~~~~~~~~~~~~~~~~~~~~~~~~~
    + CategoryInfo          : WriteError: (C:\headroom-ben...ol10-115239.log:String) [Add-Content], IOException
    + FullyQualifiedErrorId : GetContentWriterIOError,Microsoft.PowerShell.Commands.AddContentCommand
 
[14:05:12]   wrapper exit 0
Add-Content : The process cannot access the file 'C:\headroom-bench\results\queue-20260925-control10-115239.log' 
because it is being used by another process.
At C:\Users\Raymond\Documents\headroom\tools\hwinfo-logging\experiments\Run-ControlRepeat-20260925.ps1:35 char:102
+ ... H:mm:ss), $t; Write-Host $line; Add-Content -Path $log -Value $line }
+                                     ~~~~~~~~~~~~~~~~~~~~~~~~~~~~~~~~~~~
    + CategoryInfo          : WriteError: (C:\headroom-ben...ol10-115239.log:String) [Add-Content], IOException
    + FullyQualifiedErrorId : GetContentWriterIOError,Microsoft.PowerShell.Commands.AddContentCommand
 
[14:05:12] ==== 5060ti-ctrl10-p5b-bgemm32 (attempt 1) ====
Add-Content : The process cannot access the file 'C:\headroom-bench\results\queue-20260925-control10-115239.log' 
because it is being used by another process.
At C:\Users\Raymond\Documents\headroom\tools\hwinfo-logging\experiments\Run-ControlRepeat-20260925.ps1:35 char:102
+ ... H:mm:ss), $t; Write-Host $line; Add-Content -Path $log -Value $line }
+                                     ~~~~~~~~~~~~~~~~~~~~~~~~~~~~~~~~~~~
    + CategoryInfo          : WriteError: (C:\headroom-ben...ol10-115239.log:String) [Add-Content], IOException
    + FullyQualifiedErrorId : GetContentWriterIOError,Microsoft.PowerShell.Commands.AddContentCommand
 
[14:09:35]   wrapper exit 0
Add-Content : The process cannot access the file 'C:\headroom-bench\results\queue-20260925-control10-115239.log' 
because it is being used by another process.
At C:\Users\Raymond\Documents\headroom\tools\hwinfo-logging\experiments\Run-ControlRepeat-20260925.ps1:35 char:102
+ ... H:mm:ss), $t; Write-Host $line; Add-Content -Path $log -Value $line }
+                                     ~~~~~~~~~~~~~~~~~~~~~~~~~~~~~~~~~~~
    + CategoryInfo          : WriteError: (C:\headroom-ben...ol10-115239.log:String) [Add-Content], IOException
    + FullyQualifiedErrorId : GetContentWriterIOError,Microsoft.PowerShell.Commands.AddContentCommand
 
[14:09:35] ==== 5060ti-ctrl10-p5b-bgemm64 (attempt 1) ====
Add-Content : The process cannot access the file 'C:\headroom-bench\results\queue-20260925-control10-115239.log' 
because it is being used by another process.
At C:\Users\Raymond\Documents\headroom\tools\hwinfo-logging\experiments\Run-ControlRepeat-20260925.ps1:35 char:102
+ ... H:mm:ss), $t; Write-Host $line; Add-Content -Path $log -Value $line }
+                                     ~~~~~~~~~~~~~~~~~~~~~~~~~~~~~~~~~~~
    + CategoryInfo          : WriteError: (C:\headroom-ben...ol10-115239.log:String) [Add-Content], IOException
    + FullyQualifiedErrorId : GetContentWriterIOError,Microsoft.PowerShell.Commands.AddContentCommand
 
[14:13:58]   wrapper exit 0
Add-Content : The process cannot access the file 'C:\headroom-bench\results\queue-20260925-control10-115239.log' 
because it is being used by another process.
At C:\Users\Raymond\Documents\headroom\tools\hwinfo-logging\experiments\Run-ControlRepeat-20260925.ps1:35 char:102
+ ... H:mm:ss), $t; Write-Host $line; Add-Content -Path $log -Value $line }
+                                     ~~~~~~~~~~~~~~~~~~~~~~~~~~~~~~~~~~~
    + CategoryInfo          : WriteError: (C:\headroom-ben...ol10-115239.log:String) [Add-Content], IOException
    + FullyQualifiedErrorId : GetContentWriterIOError,Microsoft.PowerShell.Commands.AddContentCommand
 
[14:13:58] ==== 5060ti-ctrl10-p5b-bgemm128 (attempt 1) ====
Add-Content : The process cannot access the file 'C:\headroom-bench\results\queue-20260925-control10-115239.log' 
because it is being used by another process.
At C:\Users\Raymond\Documents\headroom\tools\hwinfo-logging\experiments\Run-ControlRepeat-20260925.ps1:35 char:102
+ ... H:mm:ss), $t; Write-Host $line; Add-Content -Path $log -Value $line }
+                                     ~~~~~~~~~~~~~~~~~~~~~~~~~~~~~~~~~~~
    + CategoryInfo          : WriteError: (C:\headroom-ben...ol10-115239.log:String) [Add-Content], IOException
    + FullyQualifiedErrorId : GetContentWriterIOError,Microsoft.PowerShell.Commands.AddContentCommand
 
[14:18:52]   wrapper exit 0
Add-Content : The process cannot access the file 'C:\headroom-bench\results\queue-20260925-control10-115239.log' 
because it is being used by another process.
At C:\Users\Raymond\Documents\headroom\tools\hwinfo-logging\experiments\Run-ControlRepeat-20260925.ps1:35 char:102
+ ... H:mm:ss), $t; Write-Host $line; Add-Content -Path $log -Value $line }
+                                     ~~~~~~~~~~~~~~~~~~~~~~~~~~~~~~~~~~~
    + CategoryInfo          : WriteError: (C:\headroom-ben...ol10-115239.log:String) [Add-Content], IOException
    + FullyQualifiedErrorId : GetContentWriterIOError,Microsoft.PowerShell.Commands.AddContentCommand
 
[14:18:52] ==== 5060ti-ctrl10-p5b-bgemm256 (attempt 1) ====
Add-Content : The process cannot access the file 'C:\headroom-bench\results\queue-20260925-control10-115239.log' 
because it is being used by another process.
At C:\Users\Raymond\Documents\headroom\tools\hwinfo-logging\experiments\Run-ControlRepeat-20260925.ps1:35 char:102
+ ... H:mm:ss), $t; Write-Host $line; Add-Content -Path $log -Value $line }
+                                     ~~~~~~~~~~~~~~~~~~~~~~~~~~~~~~~~~~~
    + CategoryInfo          : WriteError: (C:\headroom-ben...ol10-115239.log:String) [Add-Content], IOException
    + FullyQualifiedErrorId : GetContentWriterIOError,Microsoft.PowerShell.Commands.AddContentCommand
 
[14:24:12]   wrapper exit 0
Add-Content : The process cannot access the file 'C:\headroom-bench\results\queue-20260925-control10-115239.log' 
because it is being used by another process.
At C:\Users\Raymond\Documents\headroom\tools\hwinfo-logging\experiments\Run-ControlRepeat-20260925.ps1:35 char:102
+ ... H:mm:ss), $t; Write-Host $line; Add-Content -Path $log -Value $line }
+                                     ~~~~~~~~~~~~~~~~~~~~~~~~~~~~~~~~~~~
    + CategoryInfo          : WriteError: (C:\headroom-ben...ol10-115239.log:String) [Add-Content], IOException
    + FullyQualifiedErrorId : GetContentWriterIOError,Microsoft.PowerShell.Commands.AddContentCommand
 
[14:24:12] ==== 5060ti-ctrl10-p5b-bgemm1024 (attempt 1) ====
Add-Content : The process cannot access the file 'C:\headroom-bench\results\queue-20260925-control10-115239.log' 
because it is being used by another process.
At C:\Users\Raymond\Documents\headroom\tools\hwinfo-logging\experiments\Run-ControlRepeat-20260925.ps1:35 char:102
+ ... H:mm:ss), $t; Write-Host $line; Add-Content -Path $log -Value $line }
+                                     ~~~~~~~~~~~~~~~~~~~~~~~~~~~~~~~~~~~
    + CategoryInfo          : WriteError: (C:\headroom-ben...ol10-115239.log:String) [Add-Content], IOException
    + FullyQualifiedErrorId : GetContentWriterIOError,Microsoft.PowerShell.Commands.AddContentCommand
 
[14:29:34]   wrapper exit 0
Add-Content : The process cannot access the file 'C:\headroom-bench\results\queue-20260925-control10-115239.log' 
because it is being used by another process.
At C:\Users\Raymond\Documents\headroom\tools\hwinfo-logging\experiments\Run-ControlRepeat-20260925.ps1:35 char:102
+ ... H:mm:ss), $t; Write-Host $line; Add-Content -Path $log -Value $line }
+                                     ~~~~~~~~~~~~~~~~~~~~~~~~~~~~~~~~~~~
    + CategoryInfo          : WriteError: (C:\headroom-ben...ol10-115239.log:String) [Add-Content], IOException
    + FullyQualifiedErrorId : GetContentWriterIOError,Microsoft.PowerShell.Commands.AddContentCommand
 
[14:29:34] ==== 5060ti-ctrl10-p5b-attention (attempt 1) ====
Add-Content : The process cannot access the file 'C:\headroom-bench\results\queue-20260925-control10-115239.log' 
because it is being used by another process.
At C:\Users\Raymond\Documents\headroom\tools\hwinfo-logging\experiments\Run-ControlRepeat-20260925.ps1:35 char:102
+ ... H:mm:ss), $t; Write-Host $line; Add-Content -Path $log -Value $line }
+                                     ~~~~~~~~~~~~~~~~~~~~~~~~~~~~~~~~~~~
    + CategoryInfo          : WriteError: (C:\headroom-ben...ol10-115239.log:String) [Add-Content], IOException
    + FullyQualifiedErrorId : GetContentWriterIOError,Microsoft.PowerShell.Commands.AddContentCommand
 
[14:34:55]   wrapper exit 0
Add-Content : The process cannot access the file 'C:\headroom-bench\results\queue-20260925-control10-115239.log' 
because it is being used by another process.
At C:\Users\Raymond\Documents\headroom\tools\hwinfo-logging\experiments\Run-ControlRepeat-20260925.ps1:35 char:102
+ ... H:mm:ss), $t; Write-Host $line; Add-Content -Path $log -Value $line }
+                                     ~~~~~~~~~~~~~~~~~~~~~~~~~~~~~~~~~~~
    + CategoryInfo          : WriteError: (C:\headroom-ben...ol10-115239.log:String) [Add-Content], IOException
    + FullyQualifiedErrorId : GetContentWriterIOError,Microsoft.PowerShell.Commands.AddContentCommand
 
[14:34:55] ==== 5060ti-ctrl10-p5b-conv (attempt 1) ====
Add-Content : The process cannot access the file 'C:\headroom-bench\results\queue-20260925-control10-115239.log' 
because it is being used by another process.
At C:\Users\Raymond\Documents\headroom\tools\hwinfo-logging\experiments\Run-ControlRepeat-20260925.ps1:35 char:102
+ ... H:mm:ss), $t; Write-Host $line; Add-Content -Path $log -Value $line }
+                                     ~~~~~~~~~~~~~~~~~~~~~~~~~~~~~~~~~~~
    + CategoryInfo          : WriteError: (C:\headroom-ben...ol10-115239.log:String) [Add-Content], IOException
    + FullyQualifiedErrorId : GetContentWriterIOError,Microsoft.PowerShell.Commands.AddContentCommand
 
[14:40:21]   wrapper exit 0
Add-Content : The process cannot access the file 'C:\headroom-bench\results\queue-20260925-control10-115239.log' 
because it is being used by another process.
At C:\Users\Raymond\Documents\headroom\tools\hwinfo-logging\experiments\Run-ControlRepeat-20260925.ps1:35 char:102
+ ... H:mm:ss), $t; Write-Host $line; Add-Content -Path $log -Value $line }
+                                     ~~~~~~~~~~~~~~~~~~~~~~~~~~~~~~~~~~~
    + CategoryInfo          : WriteError: (C:\headroom-ben...ol10-115239.log:String) [Add-Content], IOException
    + FullyQualifiedErrorId : GetContentWriterIOError,Microsoft.PowerShell.Commands.AddContentCommand
 
[14:40:21] ==== 5060ti-ctrl10-p5b-gemm (attempt 1) ====
Add-Content : The process cannot access the file 'C:\headroom-bench\results\queue-20260925-control10-115239.log' 
because it is being used by another process.
At C:\Users\Raymond\Documents\headroom\tools\hwinfo-logging\experiments\Run-ControlRepeat-20260925.ps1:35 char:102
+ ... H:mm:ss), $t; Write-Host $line; Add-Content -Path $log -Value $line }
+                                     ~~~~~~~~~~~~~~~~~~~~~~~~~~~~~~~~~~~
    + CategoryInfo          : WriteError: (C:\headroom-ben...ol10-115239.log:String) [Add-Content], IOException
    + FullyQualifiedErrorId : GetContentWriterIOError,Microsoft.PowerShell.Commands.AddContentCommand
 
[14:45:24]   wrapper exit 0
Add-Content : The process cannot access the file 'C:\headroom-bench\results\queue-20260925-control10-115239.log' 
because it is being used by another process.
At C:\Users\Raymond\Documents\headroom\tools\hwinfo-logging\experiments\Run-ControlRepeat-20260925.ps1:35 char:102
+ ... H:mm:ss), $t; Write-Host $line; Add-Content -Path $log -Value $line }
+                                     ~~~~~~~~~~~~~~~~~~~~~~~~~~~~~~~~~~~
    + CategoryInfo          : WriteError: (C:\headroom-ben...ol10-115239.log:String) [Add-Content], IOException
    + FullyQualifiedErrorId : GetContentWriterIOError,Microsoft.PowerShell.Commands.AddContentCommand
 
[14:45:24] Profile 3 (stock) applied. Section 10 queue finished: 36 sweeps.
Add-Content : The process cannot access the file 'C:\headroom-bench\results\queue-20260925-control10-115239.log' 
because it is being used by another process.
At C:\Users\Raymond\Documents\headroom\tools\hwinfo-logging\experiments\Run-ControlRepeat-20260925.ps1:35 char:102
+ ... H:mm:ss), $t; Write-Host $line; Add-Content -Path $log -Value $line }
+                                     ~~~~~~~~~~~~~~~~~~~~~~~~~~~~~~~~~~~
    + CategoryInfo          : WriteError: (C:\headroom-ben...ol10-115239.log:String) [Add-Content], IOException
    + FullyQualifiedErrorId : GetContentWriterIOError,Microsoft.PowerShell.Commands.AddContentCommand
 
